Archive member included to satisfy reference by file (symbol)

Middlewares/ST/touchgfx/lib/core/cortex_m4f/gcc\libtouchgfx-float-abi-hard.a(AbstractPartition.o)
                              TouchGFX/build/STM32F429IDISCO/TouchGFX/target/generated/TouchGFXConfiguration.o (touchgfx::AbstractPartition::getAllocationCount() const)
Middlewares/ST/touchgfx/lib/core/cortex_m4f/gcc\libtouchgfx-float-abi-hard.a(Container.o)
                              TouchGFX/build/STM32F429IDISCO/TouchGFX/generated/gui_generated/src/screen1_screen/Screen1ViewBase.o (touchgfx::Container::add(touchgfx::Drawable&))
Middlewares/ST/touchgfx/lib/core/cortex_m4f/gcc\libtouchgfx-float-abi-hard.a(HAL.o)
                              TouchGFX/build/STM32F429IDISCO/TouchGFX/target/generated/TouchGFXGeneratedHAL.o (touchgfx::HAL::drawDrawableInDynamicBitmap(touchgfx::Drawable&, unsigned short))
Middlewares/ST/touchgfx/lib/core/cortex_m4f/gcc\libtouchgfx-float-abi-hard.a(DMA.o)
                              TouchGFX/build/STM32F429IDISCO/TouchGFX/target/generated/STM32DMA.o (touchgfx::DMA_Interface::seedExecution())
Middlewares/ST/touchgfx/lib/core/cortex_m4f/gcc\libtouchgfx-float-abi-hard.a(AbstractButton.o)
                              TouchGFX/build/STM32F429IDISCO/TouchGFX/generated/gui_generated/src/screen1_screen/Screen1ViewBase.o (touchgfx::AbstractButton::handleClickEvent(touchgfx::ClickEvent const&))
Middlewares/ST/touchgfx/lib/core/cortex_m4f/gcc\libtouchgfx-float-abi-hard.a(ScalableImage.o)
                              TouchGFX/build/STM32F429IDISCO/TouchGFX/generated/gui_generated/src/screen1_screen/Screen1ViewBase.o (touchgfx::ScalableImage::setScalingAlgorithm(touchgfx::ScalableImage::ScalingAlgorithm))
Middlewares/ST/touchgfx/lib/core/cortex_m4f/gcc\libtouchgfx-float-abi-hard.a(TextArea.o)
                              TouchGFX/build/STM32F429IDISCO/TouchGFX/generated/gui_generated/src/screen1_screen/Screen1ViewBase.o (touchgfx::TextArea::calculateBoundingArea() const)
Middlewares/ST/touchgfx/lib/core/cortex_m4f/gcc\libtouchgfx-float-abi-hard.a(Box.o)
                              TouchGFX/build/STM32F429IDISCO/TouchGFX/generated/gui_generated/src/screen1_screen/Screen1ViewBase.o (vtable for touchgfx::Box)
Middlewares/ST/touchgfx/lib/core/cortex_m4f/gcc\libtouchgfx-float-abi-hard.a(Button.o)
                              TouchGFX/build/STM32F429IDISCO/TouchGFX/generated/gui_generated/src/screen1_screen/Screen1ViewBase.o (touchgfx::Button::setBitmaps(touchgfx::Bitmap const&, touchgfx::Bitmap const&))
Middlewares/ST/touchgfx/lib/core/cortex_m4f/gcc\libtouchgfx-float-abi-hard.a(Image.o)
                              TouchGFX/build/STM32F429IDISCO/TouchGFX/generated/gui_generated/src/screen1_screen/Screen1ViewBase.o (touchgfx::Image::setBitmap(touchgfx::Bitmap const&))
Middlewares/ST/touchgfx/lib/core/cortex_m4f/gcc\libtouchgfx-float-abi-hard.a(ButtonWithLabel.o)
                              TouchGFX/build/STM32F429IDISCO/TouchGFX/generated/gui_generated/src/screen1_screen/Screen1ViewBase.o (touchgfx::ButtonWithLabel::draw(touchgfx::Rect const&) const)
Middlewares/ST/touchgfx/lib/core/cortex_m4f/gcc\libtouchgfx-float-abi-hard.a(LCD.o)
                              Middlewares/ST/touchgfx/lib/core/cortex_m4f/gcc\libtouchgfx-float-abi-hard.a(TextArea.o) (touchgfx::LCD::stringWidth(touchgfx::TextProvider&, touchgfx::Font const&, int, unsigned char))
Middlewares/ST/touchgfx/lib/core/cortex_m4f/gcc\libtouchgfx-float-abi-hard.a(TouchCalibration.o)
                              Middlewares/ST/touchgfx/lib/core/cortex_m4f/gcc\libtouchgfx-float-abi-hard.a(HAL.o) (touchgfx::TouchCalibration::translatePoint(touchgfx::Point&))
Middlewares/ST/touchgfx/lib/core/cortex_m4f/gcc\libtouchgfx-float-abi-hard.a(DisplayTransformation.o)
                              Middlewares/ST/touchgfx/lib/core/cortex_m4f/gcc\libtouchgfx-float-abi-hard.a(HAL.o) (touchgfx::DisplayTransformation::transformFrameBufferToDisplay(short&, short&))
Middlewares/ST/touchgfx/lib/core/cortex_m4f/gcc\libtouchgfx-float-abi-hard.a(Application.o)
                              TouchGFX/build/STM32F429IDISCO/TouchGFX/gui/src/common/FrontendApplication.o (touchgfx::Application::switchScreen(touchgfx::Screen*))
Middlewares/ST/touchgfx/lib/core/cortex_m4f/gcc\libtouchgfx-float-abi-hard.a(TypedText.o)
                              TouchGFX/build/STM32F429IDISCO/TouchGFX/generated/gui_generated/src/screen1_screen/Screen1ViewBase.o (touchgfx::TypedText::numberOfTypedTexts)
Middlewares/ST/touchgfx/lib/core/cortex_m4f/gcc\libtouchgfx-float-abi-hard.a(Font.o)
                              TouchGFX/build/STM32F429IDISCO/TouchGFX/generated/texts/src/Texts.o (touchgfx::Font::getStringWidthLTR(unsigned char, unsigned short const*, std::__va_list) const)
Middlewares/ST/touchgfx/lib/core/cortex_m4f/gcc\libtouchgfx-float-abi-hard.a(Drawable.o)
[...]
Memory Configuration

Name             Origin             Length             Attributes
CCMRAM           0x10000000         0x00010000         xrw
RAM              0x20000000         0x00030000         xrw
FLASH            0x08000000         0x00200000         xr
SDRAM            0xd0000000         0x00800000         xrw
*default*        0x00000000         0xffffffff

Linker script and memory map

LOAD c:/touchgfx/4.20.0/env/mingw/msys/1.0/gnu-arm-gcc/bin/../lib/gcc/arm-none-eabi/7.3.1/thumb/v7e-m/fpv4-sp/hard/crti.o
LOAD c:/touchgfx/4.20.0/env/mingw/msys/1.0/gnu-arm-gcc/bin/../lib/gcc/arm-none-eabi/7.3.1/thumb/v7e-m/fpv4-sp/hard/crtbegin.o
LOAD c:/touchgfx/4.20.0/env/mingw/msys/1.0/gnu-arm-gcc/bin/../lib/gcc/arm-none-eabi/7.3.1/../../../../arm-none-eabi/lib/thumb/v7e-m/fpv4-sp/hard/crt0.o
LOAD TouchGFX/build/STM32F429IDISCO/TouchGFX/gui/src/screen1_screen/Screen1Presenter.o
LOAD TouchGFX/build/STM32F429IDISCO/TouchGFX/gui/src/screen1_screen/Screen1View.o
LOAD TouchGFX/build/STM32F429IDISCO/TouchGFX/gui/src/model/Model.o
LOAD TouchGFX/build/STM32F429IDISCO/TouchGFX/gui/src/common/FrontendApplication.o
LOAD TouchGFX/build/STM32F429IDISCO/TouchGFX/generated/gui_generated/src/screen1_screen/Screen1ViewBase.o
LOAD TouchGFX/build/STM32F429IDISCO/TouchGFX/generated/gui_generated/src/common/FrontendApplicationBase.o
LOAD TouchGFX/build/STM32F429IDISCO/TouchGFX/generated/fonts/src/Font_verdana_40_4bpp_0.o
LOAD TouchGFX/build/STM32F429IDISCO/TouchGFX/generated/fonts/src/Font_verdana_20_4bpp_0.o
LOAD TouchGFX/build/STM32F429IDISCO/TouchGFX/generated/fonts/src/GeneratedFont.o
LOAD TouchGFX/build/STM32F429IDISCO/TouchGFX/generated/fonts/src/UnmappedDataFont.o
LOAD TouchGFX/build/STM32F429IDISCO/TouchGFX/generated/fonts/src/Kerning_verdana_40_4bpp.o
LOAD TouchGFX/build/STM32F429IDISCO/TouchGFX/generated/fonts/src/Table_verdana_10_4bpp.o
LOAD TouchGFX/build/STM32F429IDISCO/TouchGFX/generated/fonts/src/Kerning_verdana_10_4bpp.o
LOAD TouchGFX/build/STM32F429IDISCO/TouchGFX/generated/fonts/src/Kerning_verdana_20_4bpp.o
LOAD TouchGFX/build/STM32F429IDISCO/TouchGFX/generated/fonts/src/FontCache.o
LOAD TouchGFX/build/STM32F429IDISCO/TouchGFX/generated/fonts/src/Font_verdana_10_4bpp_0.o
LOAD TouchGFX/build/STM32F429IDISCO/TouchGFX/generated/fonts/src/Table_verdana_40_4bpp.o
LOAD TouchGFX/build/STM32F429IDISCO/TouchGFX/generated/fonts/src/CachedFont.o
LOAD TouchGFX/build/STM32F429IDISCO/TouchGFX/generated/fonts/src/Table_verdana_20_4bpp.o
LOAD TouchGFX/build/STM32F429IDISCO/TouchGFX/generated/fonts/src/ApplicationFontProvider.o
LOAD TouchGFX/build/STM32F429IDISCO/TouchGFX/generated/images/src/__designer/image_Blue_Backgrounds_main_bg_portrait_240x320px.o
LOAD TouchGFX/build/STM32F429IDISCO/TouchGFX/generated/images/src/__designer/image_Blue_Buttons_Round_Edge_icon_button.o
LOAD TouchGFX/build/STM32F429IDISCO/TouchGFX/generated/images/src/__designer/image_Blue_Buttons_Round_Edge_icon_button_pressed.o
LOAD TouchGFX/build/STM32F429IDISCO/TouchGFX/generated/images/src/BitmapDatabase.o
LOAD TouchGFX/build/STM32F429IDISCO/TouchGFX/generated/texts/src/LanguageGb.o
LOAD TouchGFX/build/STM32F429IDISCO/TouchGFX/generated/texts/src/TypedTextDatabase.o
LOAD TouchGFX/build/STM32F429IDISCO/TouchGFX/generated/texts/src/Texts.o
LOAD TouchGFX/build/STM32F429IDISCO/TouchGFX/target/generated/TouchGFXGeneratedHAL.o
LOAD TouchGFX/build/STM32F429IDISCO/TouchGFX/target/generated/STM32DMA.o
LOAD TouchGFX/build/STM32F429IDISCO/TouchGFX/target/generated/OSWrappers.o
LOAD TouchGFX/build/STM32F429IDISCO/TouchGFX/target/generated/TouchGFXConfiguration.o
LOAD TouchGFX/build/STM32F429IDISCO/TouchGFX/target/TouchGFXHAL.o
LOAD TouchGFX/build/STM32F429IDISCO/TouchGFX/target/TouchGFXGPIO.o
LOAD TouchGFX/build/STM32F429IDISCO/TouchGFX/target/STM32TouchController.o
LOAD TouchGFX/build/STM32F429IDISCO/Core/Src/system_stm32f4xx.o
LOAD TouchGFX/build/STM32F429IDISCO/Core/Src/stm32f4xx_hal_timebase_tim.o
LOAD TouchGFX/build/STM32F429IDISCO/Core/Src/main.o
LOAD TouchGFX/build/STM32F429IDISCO/Core/Src/stm32f4xx_it.o
LOAD TouchGFX/build/STM32F429IDISCO/Core/Src/sysmem.o
LOAD TouchGFX/build/STM32F429IDISCO/Core/Src/stm32f4xx_hal_msp.o
LOAD TouchGFX/build/STM32F429IDISCO/Core/Src/syscalls.o
LOAD TouchGFX/build/STM32F429IDISCO/Core/Src/freertos.o
LOAD TouchGFX/build/STM32F429IDISCO/Drivers/STM32F4xx_HAL_Driver/Src/stm32f4xx_hal_pwr_ex.o
LOAD TouchGFX/build/STM32F429IDISCO/Drivers/STM32F4xx_HAL_Driver/Src/stm32f4xx_hal_sdram.o
LOAD TouchGFX/build/STM32F429IDISCO/Drivers/STM32F4xx_HAL_Driver/Src/stm32f4xx_hal_flash.o
LOAD TouchGFX/build/STM32F429IDISCO/Drivers/STM32F4xx_HAL_Driver/Src/stm32f4xx_hal_rcc.o
LOAD TouchGFX/build/STM32F429IDISCO/Drivers/STM32F4xx_HAL_Driver/Src/stm32f4xx_hal_dma_ex.o
LOAD TouchGFX/build/STM32F429IDISCO/Drivers/STM32F4xx_HAL_Driver/Src/stm32f4xx_hal_tim.o
LOAD TouchGFX/build/STM32F429IDISCO/Drivers/STM32F4xx_HAL_Driver/Src/stm32f4xx_hal_i2c.o
LOAD TouchGFX/build/STM32F429IDISCO/Drivers/STM32F4xx_HAL_Driver/Src/stm32f4xx_hal_flash_ex.o
LOAD TouchGFX/build/STM32F429IDISCO/Drivers/STM32F4xx_HAL_Driver/Src/stm32f4xx_hal_dma.o
LOAD TouchGFX/build/STM32F429IDISCO/Drivers/STM32F4xx_HAL_Driver/Src/stm32f4xx_hal_i2c_ex.o
LOAD TouchGFX/build/STM32F429IDISCO/Drivers/STM32F4xx_HAL_Driver/Src/stm32f4xx_hal_tim_ex.o
LOAD TouchGFX/build/STM32F429IDISCO/Drivers/STM32F4xx_HAL_Driver/Src/stm32f4xx_hal_cortex.o
LOAD TouchGFX/build/STM32F429IDISCO/Drivers/STM32F4xx_HAL_Driver/Src/stm32f4xx_hal_ltdc_ex.o
LOAD TouchGFX/build/STM32F429IDISCO/Drivers/STM32F4xx_HAL_Driver/Src/stm32f4xx_ll_fmc.o
LOAD TouchGFX/build/STM32F429IDISCO/Drivers/STM32F4xx_HAL_Driver/Src/stm32f4xx_hal_exti.o
LOAD TouchGFX/build/STM32F429IDISCO/Drivers/STM32F4xx_HAL_Driver/Src/stm32f4xx_hal_gpio.o
LOAD TouchGFX/build/STM32F429IDISCO/Drivers/STM32F4xx_HAL_Driver/Src/stm32f4xx_hal_spi.o
LOAD TouchGFX/build/STM32F429IDISCO/Drivers/STM32F4xx_HAL_Driver/Src/stm32f4xx_hal_dma2d.o
LOAD TouchGFX/build/STM32F429IDISCO/Drivers/STM32F4xx_HAL_Driver/Src/stm32f4xx_hal_flash_ramfunc.o
LOAD TouchGFX/build/STM32F429IDISCO/Drivers/STM32F4xx_HAL_Driver/Src/stm32f4xx_hal_ltdc.o
LOAD TouchGFX/build/STM32F429IDISCO/Drivers/STM32F4xx_HAL_Driver/Src/stm32f4xx_hal_pwr.o
LOAD TouchGFX/build/STM32F429IDISCO/Drivers/STM32F4xx_HAL_Driver/Src/stm32f4xx_hal.o
LOAD TouchGFX/build/STM32F429IDISCO/Drivers/STM32F4xx_HAL_Driver/Src/stm32f4xx_hal_rcc_ex.o
LOAD TouchGFX/build/STM32F429IDISCO/Drivers/STM32F4xx_HAL_Driver/Src/stm32f4xx_hal_dsi.o
LOAD TouchGFX/build/STM32F429IDISCO/Drivers/STM32F4xx_HAL_Driver/Src/stm32f4xx_hal_crc.o
LOAD TouchGFX/build/STM32F429IDISCO/TouchGFX/App/app_touchgfx.o
LOAD TouchGFX/build/STM32F429IDISCO/Middlewares/Third_Party/FreeRTOS/Source/croutine.o
LOAD TouchGFX/build/STM32F429IDISCO/Middlewares/Third_Party/FreeRTOS/Source/list.o
LOAD TouchGFX/build/STM32F429IDISCO/Middlewares/Third_Party/FreeRTOS/Source/queue.o
LOAD TouchGFX/build/STM32F429IDISCO/Middlewares/Third_Party/FreeRTOS/Source/tasks.o
LOAD TouchGFX/build/STM32F429IDISCO/Middlewares/Third_Party/FreeRTOS/Source/timers.o
LOAD TouchGFX/build/STM32F429IDISCO/Middlewares/Third_Party/FreeRTOS/Source/CMSIS_RTOS_V2/cmsis_os2.o
LOAD TouchGFX/build/STM32F429IDISCO/gcc/Middlewares/Third_Party/FreeRTOS/Source/portable/MemMang/heap_4.o
LOAD TouchGFX/build/STM32F429IDISCO/gcc/Middlewares/Third_Party/FreeRTOS/Source/portable/GCC/ARM_CM4F/port.o
LOAD TouchGFX/build/STM32F429IDISCO/Drivers/BSP/Components/stmpe811/stmpe811.o
LOAD TouchGFX/build/STM32F429IDISCO/Drivers/BSP/Components/ili9341/ili9341.o
LOAD TouchGFX/build/STM32F429IDISCO/gcc/startup_stm32f429zitx.o
START GROUP
LOAD Middlewares/ST/touchgfx/lib/core/cortex_m4f/gcc\libtouchgfx-float-abi-hard.a
END GROUP
LOAD c:/touchgfx/4.20.0/env/mingw/msys/1.0/gnu-arm-gcc/bin/../lib/gcc/arm-none-eabi/7.3.1/../../../../arm-none-eabi/lib/thumb/v7e-m/fpv4-sp/hard\libstdc++_nano.a
LOAD c:/touchgfx/4.20.0/env/mingw/msys/1.0/gnu-arm-gcc/bin/../lib/gcc/arm-none-eabi/7.3.1/../../../../arm-none-eabi/lib/thumb/v7e-m/fpv4-sp/hard\libm.a
START GROUP
LOAD c:/touchgfx/4.20.0/env/mingw/msys/1.0/gnu-arm-gcc/bin/../lib/gcc/arm-none-eabi/7.3.1/thumb/v7e-m/fpv4-sp/hard\libgcc.a
LOAD c:/touchgfx/4.20.0/env/mingw/msys/1.0/gnu-arm-gcc/bin/../lib/gcc/arm-none-eabi/7.3.1/../../../../arm-none-eabi/lib/thumb/v7e-m/fpv4-sp/hard\libc_nano.a
END GROUP
START GROUP
LOAD c:/touchgfx/4.20.0/env/mingw/msys/1.0/gnu-arm-gcc/bin/../lib/gcc/arm-none-eabi/7.3.1/thumb/v7e-m/fpv4-sp/hard\libgcc.a
LOAD c:/touchgfx/4.20.0/env/mingw/msys/1.0/gnu-arm-gcc/bin/../lib/gcc/arm-none-eabi/7.3.1/../../../../arm-none-eabi/lib/thumb/v7e-m/fpv4-sp/hard\libc_nano.a
LOAD c:/touchgfx/4.20.0/env/mingw/msys/1.0/gnu-arm-gcc/bin/../lib/gcc/arm-none-eabi/7.3.1/../../../../arm-none-eabi/lib/thumb/v7e-m/fpv4-sp/hard\libnosys.a
END GROUP
START GROUP
LOAD c:/touchgfx/4.20.0/env/mingw/msys/1.0/gnu-arm-gcc/bin/../lib/gcc/arm-none-eabi/7.3.1/thumb/v7e-m/fpv4-sp/hard\libgcc.a
LOAD c:/touchgfx/4.20.0/env/mingw/msys/1.0/gnu-arm-gcc/bin/../lib/gcc/arm-none-eabi/7.3.1/../../../../arm-none-eabi/lib/thumb/v7e-m/fpv4-sp/hard\libc_nano.a
LOAD c:/touchgfx/4.20.0/env/mingw/msys/1.0/gnu-arm-gcc/bin/../lib/gcc/arm-none-eabi/7.3.1/../../../../arm-none-eabi/lib/thumb/v7e-m/fpv4-sp/hard\libnosys.a
END GROUP
LOAD c:/touchgfx/4.20.0/env/mingw/msys/1.0/gnu-arm-gcc/bin/../lib/gcc/arm-none-eabi/7.3.1/thumb/v7e-m/fpv4-sp/hard/crtend.o
LOAD c:/touchgfx/4.20.0/env/mingw/msys/1.0/gnu-arm-gcc/bin/../lib/gcc/arm-none-eabi/7.3.1/thumb/v7e-m/fpv4-sp/hard/crtn.o
                0x20030000                _estack = (ORIGIN (RAM) + LENGTH (RAM))
                0x00000200                _Min_Heap_Size = 0x200
                0x00000400                _Min_Stack_Size = 0x400

.isr_vector     0x08000000      0x1ac
                0x08000000                . = ALIGN (0x4)
 *(.isr_vector)
 .isr_vector    0x08000000      0x1ac TouchGFX/build/STM32F429IDISCO/gcc/startup_stm32f429zitx.o
                0x08000000                g_pfnVectors
                0x080001ac                . = ALIGN (0x4)

.text           0x080001b0    0x1abb4
                0x080001b0                . = ALIGN (0x4)
 *(.text)
 .text          0x080001b0       0x40 c:/touchgfx/4.20.0/env/mingw/msys/1.0/gnu-arm-gcc/bin/../lib/gcc/arm-none-eabi/7.3.1/thumb/v7e-m/fpv4-sp/hard/crtbegin.o
 .text          0x080001f0       0x30 c:/touchgfx/4.20.0/env/mingw/msys/1.0/gnu-arm-gcc/bin/../lib/gcc/arm-none-eabi/7.3.1/thumb/v7e-m/fpv4-sp/hard\libgcc.a(_aeabi_uldivmod.o)
                0x080001f0                __aeabi_uldivmod
 .text          0x08000220      0x2cc c:/touchgfx/4.20.0/env/mingw/msys/1.0/gnu-arm-gcc/bin/../lib/gcc/arm-none-eabi/7.3.1/thumb/v7e-m/fpv4-sp/hard\libgcc.a(_udivmoddi4.o)
                0x08000220                __udivmoddi4
 .text          0x080004ec        0x4 c:/touchgfx/4.20.0/env/mingw/msys/1.0/gnu-arm-gcc/bin/../lib/gcc/arm-none-eabi/7.3.1/thumb/v7e-m/fpv4-sp/hard\libgcc.a(_dvmd_tls.o)
                0x080004ec                __aeabi_idiv0
                0x080004ec                __aeabi_ldiv0
 .text          0x080004f0       0xa0 c:/touchgfx/4.20.0/env/mingw/msys/1.0/gnu-arm-gcc/bin/../lib/gcc/arm-none-eabi/7.3.1/../../../../arm-none-eabi/lib/thumb/v7e-m/fpv4-sp/hard\libc_nano.a(lib_a-memchr.o)
                0x080004f0                memchr
 *(.text*)
 .text._ZN16Screen1PresenterD2Ev
                0x08000590        0x6 TouchGFX/build/STM32F429IDISCO/TouchGFX/gui/src/screen1_screen/Screen1Presenter.o
                0x08000590                Screen1Presenter::~Screen1Presenter()
                0x08000590                Screen1Presenter::~Screen1Presenter()
                0x08000592                non-virtual thunk to Screen1Presenter::~Screen1Presenter()
 .text._ZN16Screen1Presenter8activateEv
                0x08000596        0x2 TouchGFX/build/STM32F429IDISCO/TouchGFX/gui/src/screen1_screen/Screen1Presenter.o
                0x08000596                Screen1Presenter::deactivate()
                0x08000596                Screen1Presenter::activate()
 .text._ZN16Screen1PresenterD0Ev
                0x08000598       0x14 TouchGFX/build/STM32F429IDISCO/TouchGFX/gui/src/screen1_screen/Screen1Presenter.o
                0x08000598                Screen1Presenter::~Screen1Presenter()
                0x080005a6                non-virtual thunk to Screen1Presenter::~Screen1Presenter()
 .text._ZN16Screen1PresenterC2ER11Screen1View
                0x080005ac       0x1c TouchGFX/build/STM32F429IDISCO/TouchGFX/gui/src/screen1_screen/Screen1Presenter.o
                0x080005ac                Screen1Presenter::Screen1Presenter(Screen1View&)
                0x080005ac                Screen1Presenter::Screen1Presenter(Screen1View&)
 .text._ZN8touchgfx6Screen15afterTransitionEv
                0x080005c8        0x2 TouchGFX/build/STM32F429IDISCO/TouchGFX/gui/src/screen1_screen/Screen1View.o
                0x080005c8                touchgfx::Screen::afterTransition()
 .text._ZN8touchgfx6Screen15handleTickEventEv
                0x080005ca        0x2 TouchGFX/build/STM32F429IDISCO/TouchGFX/gui/src/screen1_screen/Screen1View.o
                0x080005ca                touchgfx::Screen::handleTickEvent()
 .text._ZN8touchgfx6Screen14handleKeyEventEh
                0x080005cc        0x2 TouchGFX/build/STM32F429IDISCO/TouchGFX/gui/src/screen1_screen/Screen1View.o
                0x080005cc                touchgfx::Screen::handleKeyEvent(unsigned char)
 .text._ZN11Screen1ViewD2Ev
                0x080005ce        0x2 TouchGFX/build/STM32F429IDISCO/TouchGFX/gui/src/screen1_screen/Screen1View.o
                0x080005ce                Screen1View::~Screen1View()
                0x080005ce                Screen1View::~Screen1View()
 .text._ZN11Screen1View14tearDownScreenEv
                0x080005d0        0x2 TouchGFX/build/STM32F429IDISCO/TouchGFX/gui/src/screen1_screen/Screen1View.o
                0x080005d0                Screen1View::tearDownScreen()
 .text._ZN11Screen1View11setupScreenEv
                0x080005d2        0x4 TouchGFX/build/STM32F429IDISCO/TouchGFX/gui/src/screen1_screen/Screen1View.o
                0x080005d2                Screen1View::setupScreen()
 .text._ZN11Screen1ViewD0Ev
                0x080005d6       0x10 TouchGFX/build/STM32F429IDISCO/TouchGFX/gui/src/screen1_screen/Screen1View.o
                0x080005d6                Screen1View::~Screen1View()
 *fill*         0x080005e6        0x2 
 .text._ZN11Screen1ViewC2Ev
                0x080005e8       0x14 TouchGFX/build/STM32F429IDISCO/TouchGFX/gui/src/screen1_screen/Screen1View.o
                0x080005e8                Screen1View::Screen1View()
                0x080005e8                Screen1View::Screen1View()
 .text._ZN5ModelC2Ev
                0x080005fc        0x6 TouchGFX/build/STM32F429IDISCO/TouchGFX/gui/src/model/Model.o
                0x080005fc                Model::Model()
                0x080005fc                Model::Model()
 .text._ZN5Model4tickEv
                0x08000602        0x2 TouchGFX/build/STM32F429IDISCO/TouchGFX/gui/src/model/Model.o
                0x08000602                Model::tick()
 .text._ZN8touchgfx11Application15appSwitchScreenEh
                0x08000604        0x2 TouchGFX/build/STM32F429IDISCO/TouchGFX/gui/src/common/FrontendApplication.o
                0x08000604                touchgfx::Application::appSwitchScreen(unsigned char)
 .text._ZN8touchgfx11Application13requestRedrawERNS_4RectE
                0x08000606        0xc TouchGFX/build/STM32F429IDISCO/TouchGFX/gui/src/common/FrontendApplication.o
                0x08000606                touchgfx::Application::requestRedraw(touchgfx::Rect&)
 .text._ZN19FrontendApplicationD2Ev
                0x08000612        0x2 TouchGFX/build/STM32F429IDISCO/TouchGFX/gui/src/common/FrontendApplication.o
                0x08000612                FrontendApplication::~FrontendApplication()
                0x08000612                FrontendApplication::~FrontendApplication()
 .text._ZN23FrontendApplicationBase19changeToStartScreenEv
                0x08000614        0x4 TouchGFX/build/STM32F429IDISCO/TouchGFX/gui/src/common/FrontendApplication.o
                0x08000614                FrontendApplicationBase::changeToStartScreen()
 .text._ZN19FrontendApplicationD0Ev
                0x08000618       0x10 TouchGFX/build/STM32F429IDISCO/TouchGFX/gui/src/common/FrontendApplication.o
                0x08000618                FrontendApplication::~FrontendApplication()
 .text._ZN19FrontendApplication15handleTickEventEv
                0x08000628       0x16 TouchGFX/build/STM32F429IDISCO/TouchGFX/gui/src/common/FrontendApplication.o
                0x08000628                FrontendApplication::handleTickEvent()
 .text._ZN8touchgfx14MVPApplication29handlePendingScreenTransitionEv
                0x0800063e       0x24 TouchGFX/build/STM32F429IDISCO/TouchGFX/gui/src/common/FrontendApplication.o
                0x0800063e                touchgfx::MVPApplication::handlePendingScreenTransition()
 *fill*         0x08000662        0x2 
 .text._ZN19FrontendApplicationC2ER5ModelR12FrontendHeap
                0x08000664       0x14 TouchGFX/build/STM32F429IDISCO/TouchGFX/gui/src/common/FrontendApplication.o
                0x08000664                FrontendApplication::FrontendApplication(Model&, FrontendHeap&)
                0x08000664                FrontendApplication::FrontendApplication(Model&, FrontendHeap&)
 .text._ZNK8touchgfx8Drawable17invalidateContentEv
                0x08000678        0xe TouchGFX/build/STM32F429IDISCO/TouchGFX/generated/gui_generated/src/screen1_screen/Screen1ViewBase.o
                0x08000678                touchgfx::Drawable::invalidateContent() const
 .text._ZN8touchgfx8Drawable13getFirstChildEv
                0x08000686        0x4 TouchGFX/build/STM32F429IDISCO/TouchGFX/generated/gui_generated/src/screen1_screen/Screen1ViewBase.o
                0x08000686                touchgfx::Drawable::getFirstChild()
 .text._ZN8touchgfx8Drawable4setXEs
                0x0800068a        0x4 TouchGFX/build/STM32F429IDISCO/TouchGFX/generated/gui_generated/src/screen1_screen/Screen1ViewBase.o
                0x0800068a                touchgfx::Drawable::setX(short)
 .text._ZN8touchgfx8Drawable4setYEs
                0x0800068e        0x4 TouchGFX/build/STM32F429IDISCO/TouchGFX/generated/gui_generated/src/screen1_screen/Screen1ViewBase.o
                0x0800068e                touchgfx::Drawable::setY(short)
 .text._ZN8touchgfx8Drawable8setWidthEs
                0x08000692        0x4 TouchGFX/build/STM32F429IDISCO/TouchGFX/generated/gui_generated/src/screen1_screen/Screen1ViewBase.o
                0x08000692                touchgfx::Drawable::setWidth(short)
 .text._ZN8touchgfx8Drawable9setHeightEs
                0x08000696        0x4 TouchGFX/build/STM32F429IDISCO/TouchGFX/generated/gui_generated/src/screen1_screen/Screen1ViewBase.o
                0x08000696                touchgfx::Drawable::setHeight(short)
 .text._ZN8touchgfx8Drawable20childGeometryChangedEv
                0x0800069a        0x2 TouchGFX/build/STM32F429IDISCO/TouchGFX/generated/gui_generated/src/screen1_screen/Screen1ViewBase.o
                0x0800069a                touchgfx::Drawable::childGeometryChanged()
 .text._ZN8touchgfx8Drawable16handleClickEventERKNS_10ClickEventE
                0x0800069c        0x2 TouchGFX/build/STM32F429IDISCO/TouchGFX/generated/gui_generated/src/screen1_screen/Screen1ViewBase.o
                0x0800069c                touchgfx::Drawable::handleClickEvent(touchgfx::ClickEvent const&)
 .text._ZN8touchgfx8Drawable18handleGestureEventERKNS_12GestureEventE
                0x0800069e        0x2 TouchGFX/build/STM32F429IDISCO/TouchGFX/generated/gui_generated/src/screen1_screen/Screen1ViewBase.o
                0x0800069e                touchgfx::Drawable::handleGestureEvent(touchgfx::GestureEvent const&)
 .text._ZN8touchgfx8Drawable15handleDragEventERKNS_9DragEventE
                0x080006a0        0x2 TouchGFX/build/STM32F429IDISCO/TouchGFX/generated/gui_generated/src/screen1_screen/Screen1ViewBase.o
                0x080006a0                touchgfx::Drawable::handleDragEvent(touchgfx::DragEvent const&)
 .text._ZN8touchgfx8Drawable15handleTickEventEv
                0x080006a2        0x2 TouchGFX/build/STM32F429IDISCO/TouchGFX/generated/gui_generated/src/screen1_screen/Screen1ViewBase.o
                0x080006a2                touchgfx::Drawable::handleTickEvent()
 .text._ZN8touchgfx8Drawable6moveToEss
                0x080006a4       0x18 TouchGFX/build/STM32F429IDISCO/TouchGFX/generated/gui_generated/src/screen1_screen/Screen1ViewBase.o
                0x080006a4                touchgfx::Drawable::moveTo(short, short)
 .text._ZN8touchgfx8Drawable14setupDrawChainERKNS_4RectEPPS0_
                0x080006bc       0x14 TouchGFX/build/STM32F429IDISCO/TouchGFX/generated/gui_generated/src/screen1_screen/Screen1ViewBase.o
                0x080006bc                touchgfx::Drawable::setupDrawChain(touchgfx::Rect const&, touchgfx::Drawable**)
 .text._ZN8touchgfx6Screen11setupScreenEv
                0x080006d0        0x2 TouchGFX/build/STM32F429IDISCO/TouchGFX/generated/gui_generated/src/screen1_screen/Screen1ViewBase.o
                0x080006d0                touchgfx::Screen::setupScreen()
 .text._ZN8touchgfx6Screen14tearDownScreenEv
                0x080006d2        0x2 TouchGFX/build/STM32F429IDISCO/TouchGFX/generated/gui_generated/src/screen1_screen/Screen1ViewBase.o
                0x080006d2                touchgfx::Screen::tearDownScreen()
 .text._ZN8touchgfx6Widget12getLastChildEssPPNS_8DrawableE
                0x080006d4       0x10 TouchGFX/build/STM32F429IDISCO/TouchGFX/generated/gui_generated/src/screen1_screen/Screen1ViewBase.o
                0x080006d4                touchgfx::Widget::getLastChild(short, short, touchgfx::Drawable**)
 .text._ZN8touchgfx9TypedTextD2Ev
                0x080006e4        0x2 TouchGFX/build/STM32F429IDISCO/TouchGFX/generated/gui_generated/src/screen1_screen/Screen1ViewBase.o
                0x080006e4                touchgfx::TypedText::~TypedText()
                0x080006e4                touchgfx::TypedText::~TypedText()
 .text._ZNK8touchgfx14AbstractButton15getPressedStateEv
                0x080006e6        0x6 TouchGFX/build/STM32F429IDISCO/TouchGFX/generated/gui_generated/src/screen1_screen/Screen1ViewBase.o
                0x080006e6                touchgfx::AbstractButton::getPressedState() const
 .text._ZNK8touchgfx6Button17invalidateContentEv
                0x080006ec        0xe TouchGFX/build/STM32F429IDISCO/TouchGFX/generated/gui_generated/src/screen1_screen/Screen1ViewBase.o
                0x080006ec                touchgfx::Button::invalidateContent() const
 .text._ZN15Screen1ViewBaseD2Ev
                0x080006fa        0x2 TouchGFX/build/STM32F429IDISCO/TouchGFX/generated/gui_generated/src/screen1_screen/Screen1ViewBase.o
                0x080006fa                Screen1ViewBase::~Screen1ViewBase()
                0x080006fa                Screen1ViewBase::~Screen1ViewBase()
 .text._ZN15Screen1ViewBase11setupScreenEv
                0x080006fc        0x2 TouchGFX/build/STM32F429IDISCO/TouchGFX/generated/gui_generated/src/screen1_screen/Screen1ViewBase.o
                0x080006fc                Screen1ViewBase::setupScreen()
 .text._ZN8touchgfx13ClickListenerINS_15ButtonWithLabelEED2Ev
                0x080006fe        0x2 TouchGFX/build/STM32F429IDISCO/TouchGFX/generated/gui_generated/src/screen1_screen/Screen1ViewBase.o
                0x080006fe                touchgfx::ClickListener<touchgfx::ButtonWithLabel>::~ClickListener()
                0x080006fe                touchgfx::ClickListener<touchgfx::ButtonWithLabel>::~ClickListener()
 .text._ZN8touchgfx9TypedTextD0Ev
                0x08000700        0xe TouchGFX/build/STM32F429IDISCO/TouchGFX/generated/gui_generated/src/screen1_screen/Screen1ViewBase.o
                0x08000700                touchgfx::TypedText::~TypedText()
 .text._ZN8touchgfx13ClickListenerINS_15ButtonWithLabelEED0Ev
                0x0800070e        0xe TouchGFX/build/STM32F429IDISCO/TouchGFX/generated/gui_generated/src/screen1_screen/Screen1ViewBase.o
                0x0800070e                touchgfx::ClickListener<touchgfx::ButtonWithLabel>::~ClickListener()
 .text._ZN15Screen1ViewBaseD0Ev
                0x0800071c       0x10 TouchGFX/build/STM32F429IDISCO/TouchGFX/generated/gui_generated/src/screen1_screen/Screen1ViewBase.o
                0x0800071c                Screen1ViewBase::~Screen1ViewBase()
 .text._ZN8touchgfx14AbstractButton13executeActionEv
                0x0800072c       0x20 TouchGFX/build/STM32F429IDISCO/TouchGFX/generated/gui_generated/src/screen1_screen/Screen1ViewBase.o
                0x0800072c                touchgfx::AbstractButton::executeAction()
 .text._ZN8touchgfx13ClickListenerINS_15ButtonWithLabelEE16handleClickEventERKNS_10ClickEventE
                0x0800074c       0x28 TouchGFX/build/STM32F429IDISCO/TouchGFX/generated/gui_generated/src/screen1_screen/Screen1ViewBase.o
                0x0800074c                touchgfx::ClickListener<touchgfx::ButtonWithLabel>::handleClickEvent(touchgfx::ClickEvent const&)
 .text._ZN8touchgfx8Drawable5setXYEss
                0x08000774       0x1a TouchGFX/build/STM32F429IDISCO/TouchGFX/generated/gui_generated/src/screen1_screen/Screen1ViewBase.o
                0x08000774                touchgfx::Drawable::setXY(short, short)
 .text._ZN8touchgfx8Drawable11setPositionEssss
                0x0800078e       0x26 TouchGFX/build/STM32F429IDISCO/TouchGFX/generated/gui_generated/src/screen1_screen/Screen1ViewBase.o
                0x0800078e                touchgfx::Drawable::setPosition(short, short, short, short)
 .text._ZN8touchgfx15ButtonWithLabel18updateTextPositionEv
                0x080007b4       0x88 TouchGFX/build/STM32F429IDISCO/TouchGFX/generated/gui_generated/src/screen1_screen/Screen1ViewBase.o
                0x080007b4                touchgfx::ButtonWithLabel::updateTextPosition()
 .text._ZN8touchgfx8TextAreaC2Ev
                0x0800083c       0x60 TouchGFX/build/STM32F429IDISCO/TouchGFX/generated/gui_generated/src/screen1_screen/Screen1ViewBase.o
                0x0800083c                touchgfx::TextArea::TextArea()
                0x0800083c                touchgfx::TextArea::TextArea()
 .text._ZN8touchgfx13ClickListenerINS_15ButtonWithLabelEEC2Ev
                0x0800089c       0x20 TouchGFX/build/STM32F429IDISCO/TouchGFX/generated/gui_generated/src/screen1_screen/Screen1ViewBase.o
                0x0800089c                touchgfx::ClickListener<touchgfx::ButtonWithLabel>::ClickListener()
                0x0800089c                touchgfx::ClickListener<touchgfx::ButtonWithLabel>::ClickListener()
 .text._ZN15Screen1ViewBaseC2Ev
                0x080008bc      0x6f0 TouchGFX/build/STM32F429IDISCO/TouchGFX/generated/gui_generated/src/screen1_screen/Screen1ViewBase.o
                0x080008bc                Screen1ViewBase::Screen1ViewBase()
                0x080008bc                Screen1ViewBase::Screen1ViewBase()
 .text._ZN8touchgfx11Application19changeToStartScreenEv
                0x08000fac        0x2 TouchGFX/build/STM32F429IDISCO/TouchGFX/generated/gui_generated/src/common/FrontendApplicationBase.o
                0x08000fac                touchgfx::Application::changeToStartScreen()
 .text._ZN8touchgfx10Transition8tearDownEv
                0x08000fae        0x2 TouchGFX/build/STM32F429IDISCO/TouchGFX/generated/gui_generated/src/common/FrontendApplicationBase.o
                0x08000fae                touchgfx::Transition::tearDown()
 .text._ZN8touchgfx10Transition4initEv
                0x08000fb0        0x2 TouchGFX/build/STM32F429IDISCO/TouchGFX/generated/gui_generated/src/common/FrontendApplicationBase.o
                0x08000fb0                touchgfx::Transition::init()
 .text._ZN8touchgfx10Transition18setScreenContainerERNS_9ContainerE
                0x08000fb2        0x4 TouchGFX/build/STM32F429IDISCO/TouchGFX/generated/gui_generated/src/common/FrontendApplicationBase.o
                0x08000fb2                touchgfx::Transition::setScreenContainer(touchgfx::Container&)
 .text._ZN23FrontendApplicationBaseD2Ev
                0x08000fb6        0x2 TouchGFX/build/STM32F429IDISCO/TouchGFX/generated/gui_generated/src/common/FrontendApplicationBase.o
                0x08000fb6                FrontendApplicationBase::~FrontendApplicationBase()
                0x08000fb6                FrontendApplicationBase::~FrontendApplicationBase()
 .text._ZN8touchgfx12NoTransition15handleTickEventEv
                0x08000fb8        0x6 TouchGFX/build/STM32F429IDISCO/TouchGFX/generated/gui_generated/src/common/FrontendApplicationBase.o
                0x08000fb8                touchgfx::NoTransition::handleTickEvent()
 .text._ZN8touchgfx12NoTransitionD2Ev
                0x08000fbe        0x2 TouchGFX/build/STM32F429IDISCO/TouchGFX/generated/gui_generated/src/common/FrontendApplicationBase.o
                0x08000fbe                touchgfx::NoTransition::~NoTransition()
                0x08000fbe                touchgfx::NoTransition::~NoTransition()
 .text._ZN8touchgfx8CallbackI23FrontendApplicationBasevvvED2Ev
                0x08000fc0        0x2 TouchGFX/build/STM32F429IDISCO/TouchGFX/generated/gui_generated/src/common/FrontendApplicationBase.o
                0x08000fc0                touchgfx::Callback<FrontendApplicationBase, void, void, void>::~Callback()
                0x08000fc0                touchgfx::Callback<FrontendApplicationBase, void, void, void>::~Callback()
 .text._ZN8touchgfx8CallbackI23FrontendApplicationBasevvvE7executeEv
                0x08000fc2       0x20 TouchGFX/build/STM32F429IDISCO/TouchGFX/generated/gui_generated/src/common/FrontendApplicationBase.o
                0x08000fc2                touchgfx::Callback<FrontendApplicationBase, void, void, void>::execute()
 .text._ZNK8touchgfx8CallbackI23FrontendApplicationBasevvvE7isValidEv
                0x08000fe2       0x18 TouchGFX/build/STM32F429IDISCO/TouchGFX/generated/gui_generated/src/common/FrontendApplicationBase.o
                0x08000fe2                touchgfx::Callback<FrontendApplicationBase, void, void, void>::isValid() const
 .text._ZN8touchgfx12NoTransitionD0Ev
                0x08000ffa        0xe TouchGFX/build/STM32F429IDISCO/TouchGFX/generated/gui_generated/src/common/FrontendApplicationBase.o
                0x08000ffa                touchgfx::NoTransition::~NoTransition()
 .text._ZN23FrontendApplicationBaseD0Ev
                0x08001008       0x10 TouchGFX/build/STM32F429IDISCO/TouchGFX/generated/gui_generated/src/common/FrontendApplicationBase.o
                0x08001008                FrontendApplicationBase::~FrontendApplicationBase()
 .text._ZN8touchgfx8CallbackI23FrontendApplicationBasevvvED0Ev
                0x08001018        0xe TouchGFX/build/STM32F429IDISCO/TouchGFX/generated/gui_generated/src/common/FrontendApplicationBase.o
                0x08001018                touchgfx::Callback<FrontendApplicationBase, void, void, void>::~Callback()
 .text._ZN8touchgfx10Transition10invalidateEv
                0x08001026        0xe TouchGFX/build/STM32F429IDISCO/TouchGFX/generated/gui_generated/src/common/FrontendApplicationBase.o
                0x08001026                touchgfx::Transition::invalidate()
 .text._ZN23FrontendApplicationBaseC2ER5ModelR12FrontendHeap
                0x08001034       0x70 TouchGFX/build/STM32F429IDISCO/TouchGFX/generated/gui_generated/src/common/FrontendApplicationBase.o
                0x08001034                FrontendApplicationBase::FrontendApplicationBase(Model&, FrontendHeap&)
                0x08001034                FrontendApplicationBase::FrontendApplicationBase(Model&, FrontendHeap&)
 .text._ZN23FrontendApplicationBase29gotoScreen1ScreenNoTransitionEv
                0x080010a4       0x20 TouchGFX/build/STM32F429IDISCO/TouchGFX/generated/gui_generated/src/common/FrontendApplicationBase.o
                0x080010a4                FrontendApplicationBase::gotoScreen1ScreenNoTransition()
 .text._ZN8touchgfx14makeTransitionI11Screen1View16Screen1PresenterNS_12NoTransitionE5ModelEEPT0_PPNS_6ScreenEPPNS_9PresenterERNS_7MVPHeapEPPNS_10TransitionEPT2_
                0x080010c4      0x140 TouchGFX/build/STM32F429IDISCO/TouchGFX/generated/gui_generated/src/common/FrontendApplicationBase.o
                0x080010c4                Screen1Presenter* touchgfx::makeTransition<Screen1View, Screen1Presenter, touchgfx::NoTransition, Model>(touchgfx::Screen**, touchgfx::Presenter**, touchgfx::MVPHeap&, touchgfx::Transition**, Model*)
 .text._ZN23FrontendApplicationBase33gotoScreen1ScreenNoTransitionImplEv
                0x08001204       0x28 TouchGFX/build/STM32F429IDISCO/TouchGFX/generated/gui_generated/src/common/FrontendApplicationBase.o
                0x08001204                FrontendApplicationBase::gotoScreen1ScreenNoTransitionImpl()
 .text._ZNK8touchgfx4Font8getGlyphEt
                0x0800122c       0x1e TouchGFX/build/STM32F429IDISCO/TouchGFX/generated/fonts/src/GeneratedFont.o
                0x0800122c                touchgfx::Font::getGlyph(unsigned short) const
 .text._ZNK8touchgfx4Font15getFallbackCharEv
                0x0800124a        0x4 TouchGFX/build/STM32F429IDISCO/TouchGFX/generated/fonts/src/GeneratedFont.o
                0x0800124a                touchgfx::Font::getFallbackChar() const
 .text._ZNK8touchgfx4Font15getEllipsisCharEv
                0x0800124e        0x4 TouchGFX/build/STM32F429IDISCO/TouchGFX/generated/fonts/src/GeneratedFont.o
                0x0800124e                touchgfx::Font::getEllipsisChar() const
 .text._ZNK8touchgfx4Font13getFontHeightEv
                0x08001252        0x4 TouchGFX/build/STM32F429IDISCO/TouchGFX/generated/fonts/src/GeneratedFont.o
                0x08001252                touchgfx::Font::getFontHeight() const
 .text._ZNK8touchgfx4Font20getMinimumTextHeightEv
                0x08001256        0xa TouchGFX/build/STM32F429IDISCO/TouchGFX/generated/fonts/src/GeneratedFont.o
                0x08001256                touchgfx::Font::getMinimumTextHeight() const
 .text._ZNK8touchgfx4Font15getBitsPerPixelEv
                0x08001260        0x8 TouchGFX/build/STM32F429IDISCO/TouchGFX/generated/fonts/src/GeneratedFont.o
                0x08001260                touchgfx::Font::getBitsPerPixel() const
 .text._ZNK8touchgfx4Font15getByteAlignRowEv
                0x08001268        0x6 TouchGFX/build/STM32F429IDISCO/TouchGFX/generated/fonts/src/GeneratedFont.o
                0x08001268                touchgfx::Font::getByteAlignRow() const
 .text._ZNK8touchgfx13GeneratedFont12getGSUBTableEv
                0x0800126e        0x4 TouchGFX/build/STM32F429IDISCO/TouchGFX/generated/fonts/src/GeneratedFont.o
                0x0800126e                touchgfx::GeneratedFont::getGSUBTable() const
 .text._ZNK8touchgfx13GeneratedFont23getContextualFormsTableEv
                0x08001272        0x4 TouchGFX/build/STM32F429IDISCO/TouchGFX/generated/fonts/src/GeneratedFont.o
                0x08001272                touchgfx::GeneratedFont::getContextualFormsTable() const
 .text._ZN8touchgfx13GeneratedFontD2Ev
                0x08001276        0x2 TouchGFX/build/STM32F429IDISCO/TouchGFX/generated/fonts/src/GeneratedFont.o
                0x08001276                touchgfx::GeneratedFont::~GeneratedFont()
                0x08001276                touchgfx::GeneratedFont::~GeneratedFont()
 .text._ZNK8touchgfx13GeneratedFont12getPixelDataEPKNS_9GlyphNodeE
                0x08001278       0x10 TouchGFX/build/STM32F429IDISCO/TouchGFX/generated/fonts/src/GeneratedFont.o
                0x08001278                touchgfx::GeneratedFont::getPixelData(touchgfx::GlyphNode const*) const
 .text._ZNK8touchgfx13GeneratedFont10getKerningEtPKNS_9GlyphNodeE
                0x08001288       0x3a TouchGFX/build/STM32F429IDISCO/TouchGFX/generated/fonts/src/GeneratedFont.o
                0x08001288                touchgfx::GeneratedFont::getKerning(unsigned short, touchgfx::GlyphNode const*) const
 .text._ZN8touchgfx13GeneratedFontD0Ev
                0x080012c2        0xe TouchGFX/build/STM32F429IDISCO/TouchGFX/generated/fonts/src/GeneratedFont.o
                0x080012c2                touchgfx::GeneratedFont::~GeneratedFont()
 .text._ZN8touchgfx13GeneratedFontC2EPKNS_9GlyphNodeEtthhhhhPKPKhPKNS_11KerningNodeEttPKtPKNS_24FontContextualFormsTableE
                0x080012d0       0x54 TouchGFX/build/STM32F429IDISCO/TouchGFX/generated/fonts/src/GeneratedFont.o
                0x080012d0                touchgfx::GeneratedFont::GeneratedFont(touchgfx::GlyphNode const*, unsigned short, unsigned short, unsigned char, unsigned char, unsigned char, unsigned char, unsigned char, unsigned char const* const*, touchgfx::KerningNode const*, unsigned short, unsigned short, unsigned short const*, touchgfx::FontContextualFormsTable const*)
                0x080012d0                touchgfx::GeneratedFont::GeneratedFont(touchgfx::GlyphNode const*, unsigned short, unsigned short, unsigned char, unsigned char, unsigned char, unsigned char, unsigned char, unsigned char const* const*, touchgfx::KerningNode const*, unsigned short, unsigned short, unsigned short const*, touchgfx::FontContextualFormsTable const*)
 .text._Z23getFont_verdana_10_4bppv
                0x08001324       0x78 TouchGFX/build/STM32F429IDISCO/TouchGFX/generated/fonts/src/Table_verdana_10_4bpp.o
                0x08001324                getFont_verdana_10_4bpp()
 .text._Z23getFont_verdana_40_4bppv
                0x0800139c       0x78 TouchGFX/build/STM32F429IDISCO/TouchGFX/generated/fonts/src/Table_verdana_40_4bpp.o
                0x0800139c                getFont_verdana_40_4bpp()
 .text._Z23getFont_verdana_20_4bppv
                0x08001414       0x7c TouchGFX/build/STM32F429IDISCO/TouchGFX/generated/fonts/src/Table_verdana_20_4bpp.o
                0x08001414                getFont_verdana_20_4bpp()
 .text._ZN23ApplicationFontProviderD2Ev
                0x08001490        0x2 TouchGFX/build/STM32F429IDISCO/TouchGFX/generated/fonts/src/ApplicationFontProvider.o
                0x08001490                ApplicationFontProvider::~ApplicationFontProvider()
                0x08001490                ApplicationFontProvider::~ApplicationFontProvider()
 .text._ZN23ApplicationFontProviderD0Ev
                0x08001492        0xe TouchGFX/build/STM32F429IDISCO/TouchGFX/generated/fonts/src/ApplicationFontProvider.o
                0x08001492                ApplicationFontProvider::~ApplicationFontProvider()
 .text._ZN23ApplicationFontProvider7getFontEt
                0x080014a0       0x28 TouchGFX/build/STM32F429IDISCO/TouchGFX/generated/fonts/src/ApplicationFontProvider.o
                0x080014a0                ApplicationFontProvider::getFont(unsigned short)
 .text._ZN14BitmapDatabase11getInstanceEv
                0x080014c8        0x8 TouchGFX/build/STM32F429IDISCO/TouchGFX/generated/images/src/BitmapDatabase.o
                0x080014c8                BitmapDatabase::getInstance()
 .text._ZN14BitmapDatabase15getInstanceSizeEv
                0x080014d0        0x4 TouchGFX/build/STM32F429IDISCO/TouchGFX/generated/images/src/BitmapDatabase.o
                0x080014d0                BitmapDatabase::getInstanceSize()
 .text._ZN17TypedTextDatabase15getInstanceSizeEv
                0x080014d4        0x4 TouchGFX/build/STM32F429IDISCO/TouchGFX/generated/texts/src/TypedTextDatabase.o
                0x080014d4                TypedTextDatabase::getInstanceSize()
 .text._ZN17TypedTextDatabase8getFontsEv
                0x080014d8        0x8 TouchGFX/build/STM32F429IDISCO/TouchGFX/generated/texts/src/TypedTextDatabase.o
                0x080014d8                TypedTextDatabase::getFonts()
 .text.startup._GLOBAL__sub_I_touchgfx_fonts
                0x080014e0       0x1c TouchGFX/build/STM32F429IDISCO/TouchGFX/generated/texts/src/TypedTextDatabase.o
 .text._ZNK8touchgfx4Font12getGSUBTableEv
                0x080014fc        0x4 TouchGFX/build/STM32F429IDISCO/TouchGFX/generated/texts/src/Texts.o
                0x080014fc                touchgfx::Font::getGSUBTable() const
 .text._ZNK8touchgfx4Font23getContextualFormsTableEv
                0x08001500        0x4 TouchGFX/build/STM32F429IDISCO/TouchGFX/generated/texts/src/Texts.o
                0x08001500                touchgfx::Font::getContextualFormsTable() const
 .text._ZNK8touchgfx4Font14getStringWidthEPKtz
                0x08001504       0x1c TouchGFX/build/STM32F429IDISCO/TouchGFX/generated/texts/src/Texts.o
                0x08001504                touchgfx::Font::getStringWidth(unsigned short const*, ...) const
 .text._ZNK8touchgfx4Font14getStringWidthEhPKtz
                0x08001520       0x1a TouchGFX/build/STM32F429IDISCO/TouchGFX/generated/texts/src/Texts.o
                0x08001520                touchgfx::Font::getStringWidth(unsigned char, unsigned short const*, ...) const
 *fill*         0x0800153a        0x2 
 .text._ZN8touchgfx12TextProvider15getNextLigatureEh
                0x0800153c       0x84 TouchGFX/build/STM32F429IDISCO/TouchGFX/generated/texts/src/Texts.o
                0x0800153c                touchgfx::TextProvider::getNextLigature(unsigned char)
 .text._ZN8touchgfx12TextProvider18initializeInternalEv
                0x080015c0        0x4 TouchGFX/build/STM32F429IDISCO/TouchGFX/generated/texts/src/Texts.o
                0x080015c0                touchgfx::TextProvider::initializeInternal()
 .text._ZN8touchgfx3LCD10drawStringENS_4RectERKS1_RKNS0_13StringVisualsEPKtz
                0x080015c4       0x22 TouchGFX/build/STM32F429IDISCO/TouchGFX/generated/texts/src/Texts.o
                0x080015c4                touchgfx::LCD::drawString(touchgfx::Rect, touchgfx::Rect const&, touchgfx::LCD::StringVisuals const&, unsigned short const*, ...)
 *fill*         0x080015e6        0x2 
 .text._ZN8touchgfx5Texts11setLanguageEt
                0x080015e8       0x74 TouchGFX/build/STM32F429IDISCO/TouchGFX/generated/texts/src/Texts.o
                0x080015e8                touchgfx::Texts::setLanguage(unsigned short)
 .text._ZNK8touchgfx5Texts7getTextEt
                0x0800165c       0x1c TouchGFX/build/STM32F429IDISCO/TouchGFX/generated/texts/src/Texts.o
                0x0800165c                touchgfx::Texts::getText(unsigned short) const
 .text._ZN8touchgfx3HAL21setDisplayOrientationENS_18DisplayOrientationE
                0x08001678        0xc TouchGFX/build/STM32F429IDISCO/TouchGFX/target/generated/TouchGFXGeneratedHAL.o
                0x08001678                touchgfx::HAL::setDisplayOrientation(touchgfx::DisplayOrientation)
 .text._ZN8touchgfx3HAL9sampleKeyERh
                0x08001684        0x4 TouchGFX/build/STM32F429IDISCO/TouchGFX/target/generated/TouchGFXGeneratedHAL.o
                0x08001684                touchgfx::HAL::sampleKey(unsigned char&)
 .text._ZN8touchgfx3HAL19setAnimationStorageEPv
                0x08001688       0x14 TouchGFX/build/STM32F429IDISCO/TouchGFX/target/generated/TouchGFXGeneratedHAL.o
                0x08001688                touchgfx::HAL::setAnimationStorage(void*)
 .text._ZNK8touchgfx3HAL18getFlashDataReaderEv
                0x0800169c        0x4 TouchGFX/build/STM32F429IDISCO/TouchGFX/target/generated/TouchGFXGeneratedHAL.o
                0x0800169c                touchgfx::HAL::getFlashDataReader() const
 .text._ZN8touchgfx3HAL9taskDelayEt
                0x080016a0        0xa TouchGFX/build/STM32F429IDISCO/TouchGFX/target/generated/TouchGFXGeneratedHAL.o
                0x080016a0                touchgfx::HAL::taskDelay(unsigned short)
 .text._ZN8touchgfx3HAL17getTFTCurrentLineEv
                0x080016aa        0x6 TouchGFX/build/STM32F429IDISCO/TouchGFX/target/generated/TouchGFXGeneratedHAL.o
                0x080016aa                touchgfx::HAL::getTFTCurrentLine()
 .text._ZN8touchgfx3HAL10getDMATypeEv
                0x080016b0        0x8 TouchGFX/build/STM32F429IDISCO/TouchGFX/target/generated/TouchGFXGeneratedHAL.o
                0x080016b0                touchgfx::HAL::getDMAType()
 .text._ZN8touchgfx3HAL15InvalidateCacheEv
                0x080016b8        0x2 TouchGFX/build/STM32F429IDISCO/TouchGFX/target/generated/TouchGFXGeneratedHAL.o
                0x080016b8                touchgfx::HAL::InvalidateCache()
 .text._ZN8touchgfx3HAL10FlushCacheEv
                0x080016ba        0x2 TouchGFX/build/STM32F429IDISCO/TouchGFX/target/generated/TouchGFXGeneratedHAL.o
                0x080016ba                touchgfx::HAL::FlushCache()
 .text._ZN20TouchGFXGeneratedHAL19configureInterruptsEv
                0x080016bc       0x14 TouchGFX/build/STM32F429IDISCO/TouchGFX/target/generated/TouchGFXGeneratedHAL.o
                0x080016bc                TouchGFXGeneratedHAL::configureInterrupts()
 .text._ZN20TouchGFXGeneratedHAL28enableLCDControllerInterruptEv
                0x080016d0       0x34 TouchGFX/build/STM32F429IDISCO/TouchGFX/target/generated/TouchGFXGeneratedHAL.o
                0x080016d0                TouchGFXGeneratedHAL::enableLCDControllerInterrupt()
 .text._ZNK20TouchGFXGeneratedHAL17getTFTFrameBufferEv
                0x08001704        0xc TouchGFX/build/STM32F429IDISCO/TouchGFX/target/generated/TouchGFXGeneratedHAL.o
                0x08001704                TouchGFXGeneratedHAL::getTFTFrameBuffer() const
 .text._ZN20TouchGFXGeneratedHAL17setTFTFrameBufferEPt
                0x08001710       0x10 TouchGFX/build/STM32F429IDISCO/TouchGFX/target/generated/TouchGFXGeneratedHAL.o
                0x08001710                TouchGFXGeneratedHAL::setTFTFrameBuffer(unsigned short*)
 .text._ZN20TouchGFXGeneratedHAL10initializeEv
                0x08001720       0x34 TouchGFX/build/STM32F429IDISCO/TouchGFX/target/generated/TouchGFXGeneratedHAL.o
                0x08001720                TouchGFXGeneratedHAL::initialize()
 .text._ZN8touchgfx3HAL28setFrameBufferStartAddressesEPvS1_S1_
                0x08001754       0x40 TouchGFX/build/STM32F429IDISCO/TouchGFX/target/generated/TouchGFXGeneratedHAL.o
                0x08001754                touchgfx::HAL::setFrameBufferStartAddresses(void*, void*, void*)
 .text._ZN8touchgfx3HAL18setFrameBufferSizeEtt
                0x08001794       0x44 TouchGFX/build/STM32F429IDISCO/TouchGFX/target/generated/TouchGFXGeneratedHAL.o
                0x08001794                touchgfx::HAL::setFrameBufferSize(unsigned short, unsigned short)
 .text._ZN20TouchGFXGeneratedHAL10beginFrameEv
                0x080017d8        0x4 TouchGFX/build/STM32F429IDISCO/TouchGFX/target/generated/TouchGFXGeneratedHAL.o
                0x080017d8                TouchGFXGeneratedHAL::beginFrame()
 .text._ZN20TouchGFXGeneratedHAL8endFrameEv
                0x080017dc       0x14 TouchGFX/build/STM32F429IDISCO/TouchGFX/target/generated/TouchGFXGeneratedHAL.o
                0x080017dc                TouchGFXGeneratedHAL::endFrame()
 .text._ZN20TouchGFXGeneratedHAL16flushFrameBufferERKN8touchgfx4RectE
                0x080017f0        0x4 TouchGFX/build/STM32F429IDISCO/TouchGFX/target/generated/TouchGFXGeneratedHAL.o
                0x080017f0                TouchGFXGeneratedHAL::flushFrameBuffer(touchgfx::Rect const&)
 .text._ZN20TouchGFXGeneratedHAL9blockCopyEPvPKvm
                0x080017f4        0x4 TouchGFX/build/STM32F429IDISCO/TouchGFX/target/generated/TouchGFXGeneratedHAL.o
                0x080017f4                TouchGFXGeneratedHAL::blockCopy(void*, void const*, unsigned long)
 .text._ZN8touchgfx3HAL15backPorchExitedEv
                0x080017f8       0x16 TouchGFX/build/STM32F429IDISCO/TouchGFX/target/generated/TouchGFXGeneratedHAL.o
                0x080017f8                touchgfx::HAL::backPorchExited()
 .text._ZN8touchgfx3HAL11getBlitCapsEv
                0x0800180e       0x12 TouchGFX/build/STM32F429IDISCO/TouchGFX/target/generated/TouchGFXGeneratedHAL.o
                0x0800180e                touchgfx::HAL::getBlitCaps()
 .text._ZN8touchgfx3HAL31performDisplayOrientationChangeEv
                0x08001820       0x48 TouchGFX/build/STM32F429IDISCO/TouchGFX/target/generated/TouchGFXGeneratedHAL.o
                0x08001820                touchgfx::HAL::performDisplayOrientationChange()
 .text._ZN20TouchGFXGeneratedHAL16enableInterruptsEv
                0x08001868       0x14 TouchGFX/build/STM32F429IDISCO/TouchGFX/target/generated/TouchGFXGeneratedHAL.o
                0x08001868                TouchGFXGeneratedHAL::enableInterrupts()
 .text._ZN20TouchGFXGeneratedHAL17disableInterruptsEv
                0x0800187c       0x28 TouchGFX/build/STM32F429IDISCO/TouchGFX/target/generated/TouchGFXGeneratedHAL.o
                0x0800187c                TouchGFXGeneratedHAL::disableInterrupts()
 .text.HAL_LTDC_LineEventCallback
                0x080018a4       0x64 TouchGFX/build/STM32F429IDISCO/TouchGFX/target/generated/TouchGFXGeneratedHAL.o
                0x080018a4                HAL_LTDC_LineEventCallback
 .text._ZN8touchgfx13DMA_Interface5flushEv
                0x08001908        0x6 TouchGFX/build/STM32F429IDISCO/TouchGFX/target/generated/STM32DMA.o
                0x08001908                touchgfx::DMA_Interface::flush()
 .text._ZN8STM32DMA10getDMATypeEv
                0x0800190e        0x4 TouchGFX/build/STM32F429IDISCO/TouchGFX/target/generated/STM32DMA.o
                0x0800190e                STM32DMA::getDMAType()
 .text._ZN8STM32DMA18signalDMAInterruptEv
                0x08001912        0x6 TouchGFX/build/STM32F429IDISCO/TouchGFX/target/generated/STM32DMA.o
                0x08001912                STM32DMA::signalDMAInterrupt()
 .text._ZN8STM32DMA10initializeEv
                0x08001918       0x4c TouchGFX/build/STM32F429IDISCO/TouchGFX/target/generated/STM32DMA.o
                0x08001918                STM32DMA::initialize()
 .text._ZN8STM32DMA11getBlitCapsEv
                0x08001964        0x6 TouchGFX/build/STM32F429IDISCO/TouchGFX/target/generated/STM32DMA.o
                0x08001964                STM32DMA::getBlitCaps()
 *fill*         0x0800196a        0x2 
 .text.DMA2D_XferCpltCallback
                0x0800196c       0x10 TouchGFX/build/STM32F429IDISCO/TouchGFX/target/generated/STM32DMA.o
 .text._ZN8STM32DMA22getChromARTInputFormatEN8touchgfx6Bitmap12BitmapFormatE.isra.1
                0x0800197c       0x40 TouchGFX/build/STM32F429IDISCO/TouchGFX/target/generated/STM32DMA.o
 .text._ZN8STM32DMA23getChromARTOutputFormatEN8touchgfx6Bitmap12BitmapFormatE.isra.3
                0x080019bc       0x3c TouchGFX/build/STM32F429IDISCO/TouchGFX/target/generated/STM32DMA.o
 .text._ZN8STM32DMA13setupDataCopyERKN8touchgfx6BlitOpE
                0x080019f8      0x168 TouchGFX/build/STM32F429IDISCO/TouchGFX/target/generated/STM32DMA.o
                0x080019f8                STM32DMA::setupDataCopy(touchgfx::BlitOp const&)
 .text._ZN8STM32DMA13setupDataFillERKN8touchgfx6BlitOpE
                0x08001b60       0x8c TouchGFX/build/STM32F429IDISCO/TouchGFX/target/generated/STM32DMA.o
                0x08001b60                STM32DMA::setupDataFill(touchgfx::BlitOp const&)
 .text._ZN8STM32DMAD2Ev
                0x08001bec       0x20 TouchGFX/build/STM32F429IDISCO/TouchGFX/target/generated/STM32DMA.o
                0x08001bec                STM32DMA::~STM32DMA()
                0x08001bec                STM32DMA::~STM32DMA()
 .text._ZN8STM32DMAD0Ev
                0x08001c0c       0x16 TouchGFX/build/STM32F429IDISCO/TouchGFX/target/generated/STM32DMA.o
                0x08001c0c                STM32DMA::~STM32DMA()
 *fill*         0x08001c22        0x2 
 .text._ZN8STM32DMAC2Ev
                0x08001c24       0x34 TouchGFX/build/STM32F429IDISCO/TouchGFX/target/generated/STM32DMA.o
                0x08001c24                STM32DMA::STM32DMA()
                0x08001c24                STM32DMA::STM32DMA()
 .text._ZN8touchgfx10OSWrappers10initializeEv
                0x08001c58       0x50 TouchGFX/build/STM32F429IDISCO/TouchGFX/target/generated/OSWrappers.o
                0x08001c58                touchgfx::OSWrappers::initialize()
 .text._ZN8touchgfx10OSWrappers24takeFrameBufferSemaphoreEv
                0x08001ca8       0x10 TouchGFX/build/STM32F429IDISCO/TouchGFX/target/generated/OSWrappers.o
                0x08001ca8                touchgfx::OSWrappers::takeFrameBufferSemaphore()
 .text._ZN8touchgfx10OSWrappers24giveFrameBufferSemaphoreEv
                0x08001cb8        0xc TouchGFX/build/STM32F429IDISCO/TouchGFX/target/generated/OSWrappers.o
                0x08001cb8                touchgfx::OSWrappers::giveFrameBufferSemaphore()
 .text._ZN8touchgfx10OSWrappers27tryTakeFrameBufferSemaphoreEv
                0x08001cc4       0x10 TouchGFX/build/STM32F429IDISCO/TouchGFX/target/generated/OSWrappers.o
                0x08001cc4                touchgfx::OSWrappers::tryTakeFrameBufferSemaphore()
 .text._ZN8touchgfx10OSWrappers31giveFrameBufferSemaphoreFromISREv
                0x08001cd4        0x4 TouchGFX/build/STM32F429IDISCO/TouchGFX/target/generated/OSWrappers.o
                0x08001cd4                touchgfx::OSWrappers::giveFrameBufferSemaphoreFromISR()
 .text._ZN8touchgfx10OSWrappers11signalVSyncEv
                0x08001cd8       0x18 TouchGFX/build/STM32F429IDISCO/TouchGFX/target/generated/OSWrappers.o
                0x08001cd8                touchgfx::OSWrappers::signalVSync()
 .text._ZN8touchgfx10OSWrappers12waitForVSyncEv
                0x08001cf0       0x28 TouchGFX/build/STM32F429IDISCO/TouchGFX/target/generated/OSWrappers.o
                0x08001cf0                touchgfx::OSWrappers::waitForVSync()
 .text._ZN20STM32TouchControllerD2Ev
                0x08001d18        0x2 TouchGFX/build/STM32F429IDISCO/TouchGFX/target/generated/TouchGFXConfiguration.o
                0x08001d18                STM32TouchController::~STM32TouchController()
                0x08001d18                STM32TouchController::~STM32TouchController()
 .text._ZN8touchgfx8LCD16bppD2Ev
                0x08001d1a        0x2 TouchGFX/build/STM32F429IDISCO/TouchGFX/target/generated/TouchGFXConfiguration.o
                0x08001d1a                touchgfx::LCD16bpp::~LCD16bpp()
                0x08001d1a                touchgfx::LCD16bpp::~LCD16bpp()
 .text._ZN11TouchGFXHALD2Ev
                0x08001d1c        0x2 TouchGFX/build/STM32F429IDISCO/TouchGFX/target/generated/TouchGFXConfiguration.o
                0x08001d1c                TouchGFXHAL::~TouchGFXHAL()
                0x08001d1c                TouchGFXHAL::~TouchGFXHAL()
 .text._ZNK8touchgfx9PartitionINS_4meta8TypeListINS_12NoTransitionENS2_INS1_3NilES4_EEEELt1EE8capacityEv
                0x08001d1e        0x4 TouchGFX/build/STM32F429IDISCO/TouchGFX/target/generated/TouchGFXConfiguration.o
                0x08001d1e                touchgfx::Partition<touchgfx::meta::TypeList<touchgfx::NoTransition, touchgfx::meta::TypeList<touchgfx::meta::Nil, touchgfx::meta::Nil> >, (unsigned short)1>::capacity() const
 .text._ZN8touchgfx9PartitionINS_4meta8TypeListINS_12NoTransitionENS2_INS1_3NilES4_EEEELt1EE12element_sizeEv
                0x08001d22        0x4 TouchGFX/build/STM32F429IDISCO/TouchGFX/target/generated/TouchGFXConfiguration.o
                0x08001d22                touchgfx::Partition<touchgfx::meta::TypeList<touchgfx::NoTransition, touchgfx::meta::TypeList<touchgfx::meta::Nil, touchgfx::meta::Nil> >, (unsigned short)1>::element_size()
 .text._ZN8touchgfx9PartitionINS_4meta8TypeListINS_12NoTransitionENS2_INS1_3NilES4_EEEELt1EE7elementEt
                0x08001d26        0xa TouchGFX/build/STM32F429IDISCO/TouchGFX/target/generated/TouchGFXConfiguration.o
                0x08001d26                touchgfx::Partition<touchgfx::meta::TypeList<touchgfx::NoTransition, touchgfx::meta::TypeList<touchgfx::meta::Nil, touchgfx::meta::Nil> >, (unsigned short)1>::element(unsigned short)
 .text._ZNK8touchgfx9PartitionINS_4meta8TypeListINS_12NoTransitionENS2_INS1_3NilES4_EEEELt1EE7elementEt
                0x08001d30        0xa TouchGFX/build/STM32F429IDISCO/TouchGFX/target/generated/TouchGFXConfiguration.o
                0x08001d30                touchgfx::Partition<touchgfx::meta::TypeList<touchgfx::NoTransition, touchgfx::meta::TypeList<touchgfx::meta::Nil, touchgfx::meta::Nil> >, (unsigned short)1>::element(unsigned short) const
 .text._ZNK8touchgfx9PartitionINS_4meta8TypeListI11Screen1ViewNS2_INS1_3NilES4_EEEELt1EE8capacityEv
                0x08001d3a        0x4 TouchGFX/build/STM32F429IDISCO/TouchGFX/target/generated/TouchGFXConfiguration.o
                0x08001d3a                touchgfx::Partition<touchgfx::meta::TypeList<Screen1View, touchgfx::meta::TypeList<touchgfx::meta::Nil, touchgfx::meta::Nil> >, (unsigned short)1>::capacity() const
 .text._ZN8touchgfx9PartitionINS_4meta8TypeListI11Screen1ViewNS2_INS1_3NilES4_EEEELt1EE12element_sizeEv
                0x08001d3e        0x6 TouchGFX/build/STM32F429IDISCO/TouchGFX/target/generated/TouchGFXConfiguration.o
                0x08001d3e                touchgfx::Partition<touchgfx::meta::TypeList<Screen1View, touchgfx::meta::TypeList<touchgfx::meta::Nil, touchgfx::meta::Nil> >, (unsigned short)1>::element_size()
 .text._ZN8touchgfx9PartitionINS_4meta8TypeListI11Screen1ViewNS2_INS1_3NilES4_EEEELt1EE7elementEt
                0x08001d44        0xc TouchGFX/build/STM32F429IDISCO/TouchGFX/target/generated/TouchGFXConfiguration.o
                0x08001d44                touchgfx::Partition<touchgfx::meta::TypeList<Screen1View, touchgfx::meta::TypeList<touchgfx::meta::Nil, touchgfx::meta::Nil> >, (unsigned short)1>::element(unsigned short)
 .text._ZNK8touchgfx9PartitionINS_4meta8TypeListI11Screen1ViewNS2_INS1_3NilES4_EEEELt1EE7elementEt
                0x08001d50        0xc TouchGFX/build/STM32F429IDISCO/TouchGFX/target/generated/TouchGFXConfiguration.o
                0x08001d50                touchgfx::Partition<touchgfx::meta::TypeList<Screen1View, touchgfx::meta::TypeList<touchgfx::meta::Nil, touchgfx::meta::Nil> >, (unsigned short)1>::element(unsigned short) const
 .text._ZNK8touchgfx9PartitionINS_4meta8TypeListI16Screen1PresenterNS2_INS1_3NilES4_EEEELt1EE8capacityEv
                0x08001d5c        0x4 TouchGFX/build/STM32F429IDISCO/TouchGFX/target/generated/TouchGFXConfiguration.o
                0x08001d5c                touchgfx::Partition<touchgfx::meta::TypeList<Screen1Presenter, touchgfx::meta::TypeList<touchgfx::meta::Nil, touchgfx::meta::Nil> >, (unsigned short)1>::capacity() const
 .text._ZN8touchgfx9PartitionINS_4meta8TypeListI16Screen1PresenterNS2_INS1_3NilES4_EEEELt1EE12element_sizeEv
                0x08001d60        0x4 TouchGFX/build/STM32F429IDISCO/TouchGFX/target/generated/TouchGFXConfiguration.o
                0x08001d60                touchgfx::Partition<touchgfx::meta::TypeList<Screen1Presenter, touchgfx::meta::TypeList<touchgfx::meta::Nil, touchgfx::meta::Nil> >, (unsigned short)1>::element_size()
 .text._ZN8touchgfx9PartitionINS_4meta8TypeListI16Screen1PresenterNS2_INS1_3NilES4_EEEELt1EE7elementEt
                0x08001d64        0x8 TouchGFX/build/STM32F429IDISCO/TouchGFX/target/generated/TouchGFXConfiguration.o
                0x08001d64                touchgfx::Partition<touchgfx::meta::TypeList<Screen1Presenter, touchgfx::meta::TypeList<touchgfx::meta::Nil, touchgfx::meta::Nil> >, (unsigned short)1>::element(unsigned short)
 .text._ZNK8touchgfx9PartitionINS_4meta8TypeListI16Screen1PresenterNS2_INS1_3NilES4_EEEELt1EE7elementEt
                0x08001d6c        0x8 TouchGFX/build/STM32F429IDISCO/TouchGFX/target/generated/TouchGFXConfiguration.o
                0x08001d6c                touchgfx::Partition<touchgfx::meta::TypeList<Screen1Presenter, touchgfx::meta::TypeList<touchgfx::meta::Nil, touchgfx::meta::Nil> >, (unsigned short)1>::element(unsigned short) const
 .text._ZN16FrontendHeapBase15gotoStartScreenER19FrontendApplication
                0x08001d74        0x6 TouchGFX/build/STM32F429IDISCO/TouchGFX/target/generated/TouchGFXConfiguration.o
                0x08001d74                FrontendHeapBase::gotoStartScreen(FrontendApplication&)
 *fill*         0x08001d7a        0x2 
 .text._ZN8touchgfx9PartitionINS_4meta8TypeListINS_12NoTransitionENS2_INS1_3NilES4_EEEELt1EED2Ev
                0x08001d7c       0x14 TouchGFX/build/STM32F429IDISCO/TouchGFX/target/generated/TouchGFXConfiguration.o
                0x08001d7c                touchgfx::Partition<touchgfx::meta::TypeList<touchgfx::NoTransition, touchgfx::meta::TypeList<touchgfx::meta::Nil, touchgfx::meta::Nil> >, (unsigned short)1>::~Partition()
                0x08001d7c                touchgfx::Partition<touchgfx::meta::TypeList<touchgfx::NoTransition, touchgfx::meta::TypeList<touchgfx::meta::Nil, touchgfx::meta::Nil> >, (unsigned short)1>::~Partition()
 .text._ZN8touchgfx9PartitionINS_4meta8TypeListINS_12NoTransitionENS2_INS1_3NilES4_EEEELt1EED0Ev
                0x08001d90       0x14 TouchGFX/build/STM32F429IDISCO/TouchGFX/target/generated/TouchGFXConfiguration.o
                0x08001d90                touchgfx::Partition<touchgfx::meta::TypeList<touchgfx::NoTransition, touchgfx::meta::TypeList<touchgfx::meta::Nil, touchgfx::meta::Nil> >, (unsigned short)1>::~Partition()
 .text._ZN8touchgfx9PartitionINS_4meta8TypeListI11Screen1ViewNS2_INS1_3NilES4_EEEELt1EED2Ev
                0x08001da4       0x14 TouchGFX/build/STM32F429IDISCO/TouchGFX/target/generated/TouchGFXConfiguration.o
                0x08001da4                touchgfx::Partition<touchgfx::meta::TypeList<Screen1View, touchgfx::meta::TypeList<touchgfx::meta::Nil, touchgfx::meta::Nil> >, (unsigned short)1>::~Partition()
                0x08001da4                touchgfx::Partition<touchgfx::meta::TypeList<Screen1View, touchgfx::meta::TypeList<touchgfx::meta::Nil, touchgfx::meta::Nil> >, (unsigned short)1>::~Partition()
 .text._ZN8touchgfx9PartitionINS_4meta8TypeListI11Screen1ViewNS2_INS1_3NilES4_EEEELt1EED0Ev
                0x08001db8       0x16 TouchGFX/build/STM32F429IDISCO/TouchGFX/target/generated/TouchGFXConfiguration.o
                0x08001db8                touchgfx::Partition<touchgfx::meta::TypeList<Screen1View, touchgfx::meta::TypeList<touchgfx::meta::Nil, touchgfx::meta::Nil> >, (unsigned short)1>::~Partition()
 *fill*         0x08001dce        0x2 
 .text._ZN8touchgfx9PartitionINS_4meta8TypeListI16Screen1PresenterNS2_INS1_3NilES4_EEEELt1EED2Ev
                0x08001dd0       0x14 TouchGFX/build/STM32F429IDISCO/TouchGFX/target/generated/TouchGFXConfiguration.o
                0x08001dd0                touchgfx::Partition<touchgfx::meta::TypeList<Screen1Presenter, touchgfx::meta::TypeList<touchgfx::meta::Nil, touchgfx::meta::Nil> >, (unsigned short)1>::~Partition()
                0x08001dd0                touchgfx::Partition<touchgfx::meta::TypeList<Screen1Presenter, touchgfx::meta::TypeList<touchgfx::meta::Nil, touchgfx::meta::Nil> >, (unsigned short)1>::~Partition()
 .text._ZN8touchgfx9PartitionINS_4meta8TypeListI16Screen1PresenterNS2_INS1_3NilES4_EEEELt1EED0Ev
                0x08001de4       0x14 TouchGFX/build/STM32F429IDISCO/TouchGFX/target/generated/TouchGFXConfiguration.o
                0x08001de4                touchgfx::Partition<touchgfx::meta::TypeList<Screen1Presenter, touchgfx::meta::TypeList<touchgfx::meta::Nil, touchgfx::meta::Nil> >, (unsigned short)1>::~Partition()
 .text._ZN12FrontendHeapD2Ev
                0x08001df8       0x28 TouchGFX/build/STM32F429IDISCO/TouchGFX/target/generated/TouchGFXConfiguration.o
                0x08001df8                FrontendHeap::~FrontendHeap()
                0x08001df8                FrontendHeap::~FrontendHeap()
 .text._ZN12FrontendHeapD0Ev
                0x08001e20       0x16 TouchGFX/build/STM32F429IDISCO/TouchGFX/target/generated/TouchGFXConfiguration.o
                0x08001e20                FrontendHeap::~FrontendHeap()
 *fill*         0x08001e36        0x2 
 .text.touchgfx_init
                0x08001e38       0xec TouchGFX/build/STM32F429IDISCO/TouchGFX/target/generated/TouchGFXConfiguration.o
                0x08001e38                touchgfx_init
 .text.touchgfx_taskEntry
                0x08001f24        0xc TouchGFX/build/STM32F429IDISCO/TouchGFX/target/generated/TouchGFXConfiguration.o
                0x08001f24                touchgfx_taskEntry
 .text._ZN20STM32TouchControllerD0Ev
                0x08001f30        0xe TouchGFX/build/STM32F429IDISCO/TouchGFX/target/generated/TouchGFXConfiguration.o
                0x08001f30                STM32TouchController::~STM32TouchController()
 .text._ZN8touchgfx8LCD16bppD0Ev
                0x08001f3e        0xe TouchGFX/build/STM32F429IDISCO/TouchGFX/target/generated/TouchGFXConfiguration.o
                0x08001f3e                touchgfx::LCD16bpp::~LCD16bpp()
 .text._ZN11TouchGFXHALD0Ev
                0x08001f4c        0xe TouchGFX/build/STM32F429IDISCO/TouchGFX/target/generated/TouchGFXConfiguration.o
                0x08001f4c                TouchGFXHAL::~TouchGFXHAL()
 *fill*         0x08001f5a        0x2 
 .text.startup._GLOBAL__sub_I_touchgfx_init
                0x08001f5c      0x138 TouchGFX/build/STM32F429IDISCO/TouchGFX/target/generated/TouchGFXConfiguration.o
 .text._ZN11TouchGFXHAL10initializeEv
                0x08002094       0x24 TouchGFX/build/STM32F429IDISCO/TouchGFX/target/TouchGFXHAL.o
                0x08002094                TouchGFXHAL::initialize()
 .text._ZN11TouchGFXHAL9taskEntryEv
                0x080020b8       0x34 TouchGFX/build/STM32F429IDISCO/TouchGFX/target/TouchGFXHAL.o
                0x080020b8                TouchGFXHAL::taskEntry()
 .text._ZNK11TouchGFXHAL17getTFTFrameBufferEv
                0x080020ec        0x4 TouchGFX/build/STM32F429IDISCO/TouchGFX/target/TouchGFXHAL.o
                0x080020ec                TouchGFXHAL::getTFTFrameBuffer() const
 .text._ZN11TouchGFXHAL17setTFTFrameBufferEPt
                0x080020f0        0x4 TouchGFX/build/STM32F429IDISCO/TouchGFX/target/TouchGFXHAL.o
                0x080020f0                TouchGFXHAL::setTFTFrameBuffer(unsigned short*)
 .text._ZN11TouchGFXHAL16flushFrameBufferERKN8touchgfx4RectE
                0x080020f4        0x4 TouchGFX/build/STM32F429IDISCO/TouchGFX/target/TouchGFXHAL.o
                0x080020f4                TouchGFXHAL::flushFrameBuffer(touchgfx::Rect const&)
 .text._ZN11TouchGFXHAL19configureInterruptsEv
                0x080020f8        0x4 TouchGFX/build/STM32F429IDISCO/TouchGFX/target/TouchGFXHAL.o
                0x080020f8                TouchGFXHAL::configureInterrupts()
 .text._ZN11TouchGFXHAL16enableInterruptsEv
                0x080020fc        0x4 TouchGFX/build/STM32F429IDISCO/TouchGFX/target/TouchGFXHAL.o
                0x080020fc                TouchGFXHAL::enableInterrupts()
 .text._ZN11TouchGFXHAL17disableInterruptsEv
                0x08002100        0x4 TouchGFX/build/STM32F429IDISCO/TouchGFX/target/TouchGFXHAL.o
                0x08002100                TouchGFXHAL::disableInterrupts()
 .text._ZN11TouchGFXHAL28enableLCDControllerInterruptEv
                0x08002104        0x4 TouchGFX/build/STM32F429IDISCO/TouchGFX/target/TouchGFXHAL.o
                0x08002104                TouchGFXHAL::enableLCDControllerInterrupt()
 .text._ZN11TouchGFXHAL16flushFrameBufferEv
                0x08002108        0x4 TouchGFX/build/STM32F429IDISCO/TouchGFX/target/TouchGFXHAL.o
                0x08002108                TouchGFXHAL::flushFrameBuffer()
 .text._ZN8touchgfx4GPIO3setENS0_7GPIO_IDE
                0x0800210c       0x54 TouchGFX/build/STM32F429IDISCO/TouchGFX/target/TouchGFXGPIO.o
                0x0800210c                touchgfx::GPIO::set(touchgfx::GPIO::GPIO_ID)
 .text._ZN8touchgfx4GPIO5clearENS0_7GPIO_IDE
                0x08002160       0x54 TouchGFX/build/STM32F429IDISCO/TouchGFX/target/TouchGFXGPIO.o
                0x08002160                touchgfx::GPIO::clear(touchgfx::GPIO::GPIO_ID)
 .text._ZN8touchgfx4GPIO6toggleENS0_7GPIO_IDE
                0x080021b4       0x28 TouchGFX/build/STM32F429IDISCO/TouchGFX/target/TouchGFXGPIO.o
                0x080021b4                touchgfx::GPIO::toggle(touchgfx::GPIO::GPIO_ID)
 .text._Z11BSP_TS_Inittt
                0x080021dc       0x44 TouchGFX/build/STM32F429IDISCO/TouchGFX/target/STM32TouchController.o
                0x080021dc                BSP_TS_Init(unsigned short, unsigned short)
 .text._ZN20STM32TouchController4initEv
                0x08002220        0xa TouchGFX/build/STM32F429IDISCO/TouchGFX/target/STM32TouchController.o
                0x08002220                STM32TouchController::init()
 *fill*         0x0800222a        0x2 
 .text._Z15BSP_TS_GetStateP15TS_StateTypeDef
                0x0800222c       0xe0 TouchGFX/build/STM32F429IDISCO/TouchGFX/target/STM32TouchController.o
                0x0800222c                BSP_TS_GetState(TS_StateTypeDef*)
 .text._ZN20STM32TouchController11sampleTouchERlS0_
                0x0800230c       0x24 TouchGFX/build/STM32F429IDISCO/TouchGFX/target/STM32TouchController.o
                0x0800230c                STM32TouchController::sampleTouch(long&, long&)
 .text.SystemInit
                0x08002330       0x1c TouchGFX/build/STM32F429IDISCO/Core/Src/system_stm32f4xx.o
                0x08002330                SystemInit
 .text.HAL_InitTick
                0x0800234c       0x7c TouchGFX/build/STM32F429IDISCO/Core/Src/stm32f4xx_hal_timebase_tim.o
                0x0800234c                HAL_InitTick
 .text.SPI5_Write
                0x080023c8       0x24 TouchGFX/build/STM32F429IDISCO/Core/Src/main.o
 .text.StartDefaultTask
                0x080023ec        0xa TouchGFX/build/STM32F429IDISCO/Core/Src/main.o
                0x080023ec                StartDefaultTask
 *fill*         0x080023f6        0x2 
 .text.SystemClock_Config
                0x080023f8       0x98 TouchGFX/build/STM32F429IDISCO/Core/Src/main.o
                0x080023f8                SystemClock_Config
 .text.startup.main
                0x08002490      0x37c TouchGFX/build/STM32F429IDISCO/Core/Src/main.o
                0x08002490                main
 .text.IOE_Init
                0x0800280c        0x2 TouchGFX/build/STM32F429IDISCO/Core/Src/main.o
                0x0800280c                IOE_Init
 .text.IOE_ITConfig
                0x0800280e        0x2 TouchGFX/build/STM32F429IDISCO/Core/Src/main.o
                0x0800280e                IOE_ITConfig
 .text.IOE_Write
                0x08002810       0x2c TouchGFX/build/STM32F429IDISCO/Core/Src/main.o
                0x08002810                IOE_Write
 .text.IOE_Read
                0x0800283c       0x34 TouchGFX/build/STM32F429IDISCO/Core/Src/main.o
                0x0800283c                IOE_Read
 .text.IOE_ReadMultiple
                0x08002870       0x2c TouchGFX/build/STM32F429IDISCO/Core/Src/main.o
                0x08002870                IOE_ReadMultiple
 .text.IOE_Delay
                0x0800289c        0x4 TouchGFX/build/STM32F429IDISCO/Core/Src/main.o
                0x0800289c                IOE_Delay
 .text.LCD_IO_Init
                0x080028a0       0x20 TouchGFX/build/STM32F429IDISCO/Core/Src/main.o
                0x080028a0                LCD_IO_Init
 .text.LCD_IO_WriteData
                0x080028c0       0x38 TouchGFX/build/STM32F429IDISCO/Core/Src/main.o
                0x080028c0                LCD_IO_WriteData
 .text.LCD_IO_WriteReg
                0x080028f8       0x38 TouchGFX/build/STM32F429IDISCO/Core/Src/main.o
                0x080028f8                LCD_IO_WriteReg
 .text.LCD_IO_ReadData
                0x08002930       0x64 TouchGFX/build/STM32F429IDISCO/Core/Src/main.o
                0x08002930                LCD_IO_ReadData
 .text.LCD_Delay
                0x08002994        0x4 TouchGFX/build/STM32F429IDISCO/Core/Src/main.o
                0x08002994                LCD_Delay
 .text.HAL_TIM_PeriodElapsedCallback
                0x08002998       0x14 TouchGFX/build/STM32F429IDISCO/Core/Src/main.o
                0x08002998                HAL_TIM_PeriodElapsedCallback
 .text.Error_Handler
                0x080029ac        0x2 TouchGFX/build/STM32F429IDISCO/Core/Src/main.o
                0x080029ac                Error_Handler
 .text.NMI_Handler
                0x080029ae        0x2 TouchGFX/build/STM32F429IDISCO/Core/Src/stm32f4xx_it.o
                0x080029ae                NMI_Handler
 .text.HardFault_Handler
                0x080029b0        0x2 TouchGFX/build/STM32F429IDISCO/Core/Src/stm32f4xx_it.o
                0x080029b0                HardFault_Handler
 .text.MemManage_Handler
                0x080029b2        0x2 TouchGFX/build/STM32F429IDISCO/Core/Src/stm32f4xx_it.o
                0x080029b2                MemManage_Handler
 .text.BusFault_Handler
                0x080029b4        0x2 TouchGFX/build/STM32F429IDISCO/Core/Src/stm32f4xx_it.o
                0x080029b4                BusFault_Handler
 .text.UsageFault_Handler
                0x080029b6        0x2 TouchGFX/build/STM32F429IDISCO/Core/Src/stm32f4xx_it.o
                0x080029b6                UsageFault_Handler
 .text.DebugMon_Handler
                0x080029b8        0x2 TouchGFX/build/STM32F429IDISCO/Core/Src/stm32f4xx_it.o
                0x080029b8                DebugMon_Handler
 *fill*         0x080029ba        0x2 
 .text.TIM6_DAC_IRQHandler
                0x080029bc        0xc TouchGFX/build/STM32F429IDISCO/Core/Src/stm32f4xx_it.o
                0x080029bc                TIM6_DAC_IRQHandler
 .text.LTDC_IRQHandler
                0x080029c8        0xc TouchGFX/build/STM32F429IDISCO/Core/Src/stm32f4xx_it.o
                0x080029c8                LTDC_IRQHandler
 .text.DMA2D_IRQHandler
                0x080029d4        0xc TouchGFX/build/STM32F429IDISCO/Core/Src/stm32f4xx_it.o
                0x080029d4                DMA2D_IRQHandler
 .text._sbrk    0x080029e0       0x34 TouchGFX/build/STM32F429IDISCO/Core/Src/sysmem.o
                0x080029e0                _sbrk
 .text.HAL_MspInit
                0x08002a14       0x40 TouchGFX/build/STM32F429IDISCO/Core/Src/stm32f4xx_hal_msp.o
                0x08002a14                HAL_MspInit
 .text.HAL_CRC_MspInit
                0x08002a54       0x30 TouchGFX/build/STM32F429IDISCO/Core/Src/stm32f4xx_hal_msp.o
                0x08002a54                HAL_CRC_MspInit
 .text.HAL_DMA2D_MspInit
                0x08002a84       0x44 TouchGFX/build/STM32F429IDISCO/Core/Src/stm32f4xx_hal_msp.o
                0x08002a84                HAL_DMA2D_MspInit
 .text.HAL_I2C_MspInit
                0x08002ac8       0xb8 TouchGFX/build/STM32F429IDISCO/Core/Src/stm32f4xx_hal_msp.o
                0x08002ac8                HAL_I2C_MspInit
 .text.HAL_LTDC_MspInit
                0x08002b80      0x1b8 TouchGFX/build/STM32F429IDISCO/Core/Src/stm32f4xx_hal_msp.o
                0x08002b80                HAL_LTDC_MspInit
 .text.HAL_SPI_MspInit
                0x08002d38       0x6c TouchGFX/build/STM32F429IDISCO/Core/Src/stm32f4xx_hal_msp.o
                0x08002d38                HAL_SPI_MspInit
 .text.HAL_SDRAM_MspInit
                0x08002da4       0xe0 TouchGFX/build/STM32F429IDISCO/Core/Src/stm32f4xx_hal_msp.o
                0x08002da4                HAL_SDRAM_MspInit
 .text._getpid  0x08002e84        0x4 TouchGFX/build/STM32F429IDISCO/Core/Src/syscalls.o
                0x08002e84                _getpid
 .text._kill    0x08002e88       0x10 TouchGFX/build/STM32F429IDISCO/Core/Src/syscalls.o
                0x08002e88                _kill
 .text._exit    0x08002e98        0xc TouchGFX/build/STM32F429IDISCO/Core/Src/syscalls.o
                0x08002e98                _exit
 .text._read    0x08002ea4       0x1c TouchGFX/build/STM32F429IDISCO/Core/Src/syscalls.o
                0x08002ea4                _read
 .text._write   0x08002ec0       0x1c TouchGFX/build/STM32F429IDISCO/Core/Src/syscalls.o
                0x08002ec0                _write
 .text._close   0x08002edc        0x6 TouchGFX/build/STM32F429IDISCO/Core/Src/syscalls.o
                0x08002edc                _close
 .text._fstat   0x08002ee2        0xa TouchGFX/build/STM32F429IDISCO/Core/Src/syscalls.o
                0x08002ee2                _fstat
 .text._isatty  0x08002eec        0x4 TouchGFX/build/STM32F429IDISCO/Core/Src/syscalls.o
                0x08002eec                _isatty
 .text._lseek   0x08002ef0        0x4 TouchGFX/build/STM32F429IDISCO/Core/Src/syscalls.o
                0x08002ef0                _lseek
 .text.HAL_SDRAM_Init
                0x08002ef4       0x40 TouchGFX/build/STM32F429IDISCO/Drivers/STM32F4xx_HAL_Driver/Src/stm32f4xx_hal_sdram.o
                0x08002ef4                HAL_SDRAM_Init
 .text.HAL_SDRAM_SendCommand
                0x08002f34       0x3c TouchGFX/build/STM32F429IDISCO/Drivers/STM32F4xx_HAL_Driver/Src/stm32f4xx_hal_sdram.o
                0x08002f34                HAL_SDRAM_SendCommand
 .text.HAL_SDRAM_ProgramRefreshRate
                0x08002f70       0x30 TouchGFX/build/STM32F429IDISCO/Drivers/STM32F4xx_HAL_Driver/Src/stm32f4xx_hal_sdram.o
                0x08002f70                HAL_SDRAM_ProgramRefreshRate
 .text.HAL_RCC_OscConfig
                0x08002fa0      0x358 TouchGFX/build/STM32F429IDISCO/Drivers/STM32F4xx_HAL_Driver/Src/stm32f4xx_hal_rcc.o
                0x08002fa0                HAL_RCC_OscConfig
 .text.HAL_RCC_GetSysClockFreq
                0x080032f8       0x5c TouchGFX/build/STM32F429IDISCO/Drivers/STM32F4xx_HAL_Driver/Src/stm32f4xx_hal_rcc.o
                0x080032f8                HAL_RCC_GetSysClockFreq
 .text.HAL_RCC_ClockConfig
                0x08003354      0x13c TouchGFX/build/STM32F429IDISCO/Drivers/STM32F4xx_HAL_Driver/Src/stm32f4xx_hal_rcc.o
                0x08003354                HAL_RCC_ClockConfig
 .text.HAL_RCC_GetPCLK1Freq
                0x08003490       0x20 TouchGFX/build/STM32F429IDISCO/Drivers/STM32F4xx_HAL_Driver/Src/stm32f4xx_hal_rcc.o
                0x08003490                HAL_RCC_GetPCLK1Freq
 .text.HAL_RCC_GetClockConfig
                0x080034b0       0x3c TouchGFX/build/STM32F429IDISCO/Drivers/STM32F4xx_HAL_Driver/Src/stm32f4xx_hal_rcc.o
                0x080034b0                HAL_RCC_GetClockConfig
 .text.HAL_TIM_Base_MspInit
                0x080034ec        0x2 TouchGFX/build/STM32F429IDISCO/Drivers/STM32F4xx_HAL_Driver/Src/stm32f4xx_hal_tim.o
                0x080034ec                HAL_TIM_Base_MspInit
 *fill*         0x080034ee        0x2 
 .text.HAL_TIM_Base_Start_IT
                0x080034f0       0x74 TouchGFX/build/STM32F429IDISCO/Drivers/STM32F4xx_HAL_Driver/Src/stm32f4xx_hal_tim.o
                0x080034f0                HAL_TIM_Base_Start_IT
 .text.HAL_TIM_OC_DelayElapsedCallback
                0x08003564        0x2 TouchGFX/build/STM32F429IDISCO/Drivers/STM32F4xx_HAL_Driver/Src/stm32f4xx_hal_tim.o
                0x08003564                HAL_TIM_OC_DelayElapsedCallback
 .text.HAL_TIM_IC_CaptureCallback
                0x08003566        0x2 TouchGFX/build/STM32F429IDISCO/Drivers/STM32F4xx_HAL_Driver/Src/stm32f4xx_hal_tim.o
                0x08003566                HAL_TIM_IC_CaptureCallback
 .text.HAL_TIM_PWM_PulseFinishedCallback
                0x08003568        0x2 TouchGFX/build/STM32F429IDISCO/Drivers/STM32F4xx_HAL_Driver/Src/stm32f4xx_hal_tim.o
                0x08003568                HAL_TIM_PWM_PulseFinishedCallback
 .text.HAL_TIM_TriggerCallback
                0x0800356a        0x2 TouchGFX/build/STM32F429IDISCO/Drivers/STM32F4xx_HAL_Driver/Src/stm32f4xx_hal_tim.o
                0x0800356a                HAL_TIM_TriggerCallback
 .text.HAL_TIM_IRQHandler
                0x0800356c      0x14c TouchGFX/build/STM32F429IDISCO/Drivers/STM32F4xx_HAL_Driver/Src/stm32f4xx_hal_tim.o
                0x0800356c                HAL_TIM_IRQHandler
 .text.TIM_Base_SetConfig
                0x080036b8       0xcc TouchGFX/build/STM32F429IDISCO/Drivers/STM32F4xx_HAL_Driver/Src/stm32f4xx_hal_tim.o
                0x080036b8                TIM_Base_SetConfig
 .text.HAL_TIM_Base_Init
                0x08003784       0x58 TouchGFX/build/STM32F429IDISCO/Drivers/STM32F4xx_HAL_Driver/Src/stm32f4xx_hal_tim.o
                0x08003784                HAL_TIM_Base_Init
 .text.I2C_IsAcknowledgeFailed
                0x080037dc       0x34 TouchGFX/build/STM32F429IDISCO/Drivers/STM32F4xx_HAL_Driver/Src/stm32f4xx_hal_i2c.o
 .text.I2C_WaitOnMasterAddressFlagUntilTimeout
                0x08003810       0x76 TouchGFX/build/STM32F429IDISCO/Drivers/STM32F4xx_HAL_Driver/Src/stm32f4xx_hal_i2c.o
 .text.I2C_WaitOnBTFFlagUntilTimeout
                0x08003886       0x4c TouchGFX/build/STM32F429IDISCO/Drivers/STM32F4xx_HAL_Driver/Src/stm32f4xx_hal_i2c.o
 .text.I2C_WaitOnRXNEFlagUntilTimeout
                0x080038d2       0x5e TouchGFX/build/STM32F429IDISCO/Drivers/STM32F4xx_HAL_Driver/Src/stm32f4xx_hal_i2c.o
 .text.I2C_WaitOnFlagUntilTimeout
                0x08003930       0x62 TouchGFX/build/STM32F429IDISCO/Drivers/STM32F4xx_HAL_Driver/Src/stm32f4xx_hal_i2c.o
 .text.I2C_WaitOnTXEFlagUntilTimeout
                0x08003992       0x4c TouchGFX/build/STM32F429IDISCO/Drivers/STM32F4xx_HAL_Driver/Src/stm32f4xx_hal_i2c.o
 *fill*         0x080039de        0x2 
 .text.I2C_RequestMemoryWrite
                0x080039e0       0xac TouchGFX/build/STM32F429IDISCO/Drivers/STM32F4xx_HAL_Driver/Src/stm32f4xx_hal_i2c.o
 .text.I2C_RequestMemoryRead
                0x08003a8c       0xfc TouchGFX/build/STM32F429IDISCO/Drivers/STM32F4xx_HAL_Driver/Src/stm32f4xx_hal_i2c.o
 .text.HAL_I2C_Init
                0x08003b88      0x160 TouchGFX/build/STM32F429IDISCO/Drivers/STM32F4xx_HAL_Driver/Src/stm32f4xx_hal_i2c.o
                0x08003b88                HAL_I2C_Init
 .text.HAL_I2C_Mem_Write
                0x08003ce8      0x128 TouchGFX/build/STM32F429IDISCO/Drivers/STM32F4xx_HAL_Driver/Src/stm32f4xx_hal_i2c.o
                0x08003ce8                HAL_I2C_Mem_Write
 .text.HAL_I2C_Mem_Read
                0x08003e10      0x21c TouchGFX/build/STM32F429IDISCO/Drivers/STM32F4xx_HAL_Driver/Src/stm32f4xx_hal_i2c.o
                0x08003e10                HAL_I2C_Mem_Read
 .text.HAL_I2CEx_ConfigAnalogFilter
                0x0800402c       0x44 TouchGFX/build/STM32F429IDISCO/Drivers/STM32F4xx_HAL_Driver/Src/stm32f4xx_hal_i2c_ex.o
                0x0800402c                HAL_I2CEx_ConfigAnalogFilter
 .text.HAL_I2CEx_ConfigDigitalFilter
                0x08004070       0x42 TouchGFX/build/STM32F429IDISCO/Drivers/STM32F4xx_HAL_Driver/Src/stm32f4xx_hal_i2c_ex.o
                0x08004070                HAL_I2CEx_ConfigDigitalFilter
 .text.HAL_TIMEx_CommutCallback
                0x080040b2        0x2 TouchGFX/build/STM32F429IDISCO/Drivers/STM32F4xx_HAL_Driver/Src/stm32f4xx_hal_tim_ex.o
                0x080040b2                HAL_TIMEx_CommutCallback
 .text.HAL_TIMEx_BreakCallback
                0x080040b4        0x2 TouchGFX/build/STM32F429IDISCO/Drivers/STM32F4xx_HAL_Driver/Src/stm32f4xx_hal_tim_ex.o
                0x080040b4                HAL_TIMEx_BreakCallback
 *fill*         0x080040b6        0x2 
 .text.HAL_NVIC_SetPriorityGrouping
                0x080040b8       0x24 TouchGFX/build/STM32F429IDISCO/Drivers/STM32F4xx_HAL_Driver/Src/stm32f4xx_hal_cortex.o
                0x080040b8                HAL_NVIC_SetPriorityGrouping
 .text.HAL_NVIC_SetPriority
                0x080040dc       0x68 TouchGFX/build/STM32F429IDISCO/Drivers/STM32F4xx_HAL_Driver/Src/stm32f4xx_hal_cortex.o
                0x080040dc                HAL_NVIC_SetPriority
 .text.HAL_NVIC_EnableIRQ
                0x08004144       0x1c TouchGFX/build/STM32F429IDISCO/Drivers/STM32F4xx_HAL_Driver/Src/stm32f4xx_hal_cortex.o
                0x08004144                HAL_NVIC_EnableIRQ
 .text.FMC_SDRAM_Init
                0x08004160       0x68 TouchGFX/build/STM32F429IDISCO/Drivers/STM32F4xx_HAL_Driver/Src/stm32f4xx_ll_fmc.o
                0x08004160                FMC_SDRAM_Init
 .text.FMC_SDRAM_Timing_Init
                0x080041c8       0x84 TouchGFX/build/STM32F429IDISCO/Drivers/STM32F4xx_HAL_Driver/Src/stm32f4xx_ll_fmc.o
                0x080041c8                FMC_SDRAM_Timing_Init
 .text.FMC_SDRAM_SendCommand
                0x0800424c       0x48 TouchGFX/build/STM32F429IDISCO/Drivers/STM32F4xx_HAL_Driver/Src/stm32f4xx_ll_fmc.o
                0x0800424c                FMC_SDRAM_SendCommand
 .text.FMC_SDRAM_ProgramRefreshRate
                0x08004294       0x14 TouchGFX/build/STM32F429IDISCO/Drivers/STM32F4xx_HAL_Driver/Src/stm32f4xx_ll_fmc.o
                0x08004294                FMC_SDRAM_ProgramRefreshRate
 .text.HAL_GPIO_Init
                0x080042a8      0x1dc TouchGFX/build/STM32F429IDISCO/Drivers/STM32F4xx_HAL_Driver/Src/stm32f4xx_hal_gpio.o
                0x080042a8                HAL_GPIO_Init
 .text.HAL_GPIO_WritePin
                0x08004484        0xa TouchGFX/build/STM32F429IDISCO/Drivers/STM32F4xx_HAL_Driver/Src/stm32f4xx_hal_gpio.o
                0x08004484                HAL_GPIO_WritePin
 .text.HAL_GPIO_TogglePin
                0x0800448e       0x12 TouchGFX/build/STM32F429IDISCO/Drivers/STM32F4xx_HAL_Driver/Src/stm32f4xx_hal_gpio.o
                0x0800448e                HAL_GPIO_TogglePin
 .text.SPI_WaitFlagStateUntilTimeout.constprop.9
                0x080044a0       0xb0 TouchGFX/build/STM32F429IDISCO/Drivers/STM32F4xx_HAL_Driver/Src/stm32f4xx_hal_spi.o
 .text.SPI_EndRxTransaction
                0x08004550       0x58 TouchGFX/build/STM32F429IDISCO/Drivers/STM32F4xx_HAL_Driver/Src/stm32f4xx_hal_spi.o
 .text.SPI_EndRxTxTransaction
                0x080045a8       0x58 TouchGFX/build/STM32F429IDISCO/Drivers/STM32F4xx_HAL_Driver/Src/stm32f4xx_hal_spi.o
 .text.HAL_SPI_Init
                0x08004600       0xbe TouchGFX/build/STM32F429IDISCO/Drivers/STM32F4xx_HAL_Driver/Src/stm32f4xx_hal_spi.o
                0x08004600                HAL_SPI_Init
 .text.HAL_SPI_Transmit
                0x080046be      0x14a TouchGFX/build/STM32F429IDISCO/Drivers/STM32F4xx_HAL_Driver/Src/stm32f4xx_hal_spi.o
                0x080046be                HAL_SPI_Transmit
 .text.HAL_SPI_TransmitReceive
                0x08004808      0x1ee TouchGFX/build/STM32F429IDISCO/Drivers/STM32F4xx_HAL_Driver/Src/stm32f4xx_hal_spi.o
                0x08004808                HAL_SPI_TransmitReceive
 .text.HAL_SPI_Receive
                0x080049f6      0x13e TouchGFX/build/STM32F429IDISCO/Drivers/STM32F4xx_HAL_Driver/Src/stm32f4xx_hal_spi.o
                0x080049f6                HAL_SPI_Receive
 .text.HAL_DMA2D_Init
                0x08004b34       0x5c TouchGFX/build/STM32F429IDISCO/Drivers/STM32F4xx_HAL_Driver/Src/stm32f4xx_hal_dma2d.o
                0x08004b34                HAL_DMA2D_Init
 .text.HAL_DMA2D_LineEventCallback
                0x08004b90        0x2 TouchGFX/build/STM32F429IDISCO/Drivers/STM32F4xx_HAL_Driver/Src/stm32f4xx_hal_dma2d.o
                0x08004b90                HAL_DMA2D_LineEventCallback
 .text.HAL_DMA2D_CLUTLoadingCpltCallback
                0x08004b92        0x2 TouchGFX/build/STM32F429IDISCO/Drivers/STM32F4xx_HAL_Driver/Src/stm32f4xx_hal_dma2d.o
                0x08004b92                HAL_DMA2D_CLUTLoadingCpltCallback
 .text.HAL_DMA2D_IRQHandler
                0x08004b94      0x120 TouchGFX/build/STM32F429IDISCO/Drivers/STM32F4xx_HAL_Driver/Src/stm32f4xx_hal_dma2d.o
                0x08004b94                HAL_DMA2D_IRQHandler
 .text.HAL_DMA2D_ConfigLayer
                0x08004cb4       0x94 TouchGFX/build/STM32F429IDISCO/Drivers/STM32F4xx_HAL_Driver/Src/stm32f4xx_hal_dma2d.o
                0x08004cb4                HAL_DMA2D_ConfigLayer
 .text.LTDC_SetConfig
                0x08004d48      0x148 TouchGFX/build/STM32F429IDISCO/Drivers/STM32F4xx_HAL_Driver/Src/stm32f4xx_hal_ltdc.o
 .text.HAL_LTDC_Init
                0x08004e90       0xf4 TouchGFX/build/STM32F429IDISCO/Drivers/STM32F4xx_HAL_Driver/Src/stm32f4xx_hal_ltdc.o
                0x08004e90                HAL_LTDC_Init
 .text.HAL_LTDC_ErrorCallback
                0x08004f84        0x2 TouchGFX/build/STM32F429IDISCO/Drivers/STM32F4xx_HAL_Driver/Src/stm32f4xx_hal_ltdc.o
                0x08004f84                HAL_LTDC_ErrorCallback
 .text.HAL_LTDC_ReloadEventCallback
                0x08004f86        0x2 TouchGFX/build/STM32F429IDISCO/Drivers/STM32F4xx_HAL_Driver/Src/stm32f4xx_hal_ltdc.o
                0x08004f86                HAL_LTDC_ReloadEventCallback
 .text.HAL_LTDC_IRQHandler
                0x08004f88       0xc2 TouchGFX/build/STM32F429IDISCO/Drivers/STM32F4xx_HAL_Driver/Src/stm32f4xx_hal_ltdc.o
                0x08004f88                HAL_LTDC_IRQHandler
 .text.HAL_LTDC_ConfigLayer
                0x0800504a       0x52 TouchGFX/build/STM32F429IDISCO/Drivers/STM32F4xx_HAL_Driver/Src/stm32f4xx_hal_ltdc.o
                0x0800504a                HAL_LTDC_ConfigLayer
 .text.HAL_LTDC_ProgramLineEvent
                0x0800509c       0x40 TouchGFX/build/STM32F429IDISCO/Drivers/STM32F4xx_HAL_Driver/Src/stm32f4xx_hal_ltdc.o
                0x0800509c                HAL_LTDC_ProgramLineEvent
 .text.HAL_Init
                0x080050dc       0x34 TouchGFX/build/STM32F429IDISCO/Drivers/STM32F4xx_HAL_Driver/Src/stm32f4xx_hal.o
                0x080050dc                HAL_Init
 .text.HAL_IncTick
                0x08005110       0x18 TouchGFX/build/STM32F429IDISCO/Drivers/STM32F4xx_HAL_Driver/Src/stm32f4xx_hal.o
                0x08005110                HAL_IncTick
 .text.HAL_GetTick
                0x08005128        0xc TouchGFX/build/STM32F429IDISCO/Drivers/STM32F4xx_HAL_Driver/Src/stm32f4xx_hal.o
                0x08005128                HAL_GetTick
 .text.HAL_Delay
                0x08005134       0x28 TouchGFX/build/STM32F429IDISCO/Drivers/STM32F4xx_HAL_Driver/Src/stm32f4xx_hal.o
                0x08005134                HAL_Delay
 .text.HAL_RCCEx_PeriphCLKConfig
                0x0800515c      0x25c TouchGFX/build/STM32F429IDISCO/Drivers/STM32F4xx_HAL_Driver/Src/stm32f4xx_hal_rcc_ex.o
                0x0800515c                HAL_RCCEx_PeriphCLKConfig
 .text.HAL_CRC_Init
                0x080053b8       0x20 TouchGFX/build/STM32F429IDISCO/Drivers/STM32F4xx_HAL_Driver/Src/stm32f4xx_hal_crc.o
                0x080053b8                HAL_CRC_Init
 .text.MX_TouchGFX_Init
                0x080053d8        0x4 TouchGFX/build/STM32F429IDISCO/TouchGFX/App/app_touchgfx.o
                0x080053d8                MX_TouchGFX_Init
 .text.TouchGFX_Task
                0x080053dc        0x4 TouchGFX/build/STM32F429IDISCO/TouchGFX/App/app_touchgfx.o
                0x080053dc                TouchGFX_Task
 .text.vListInitialise
                0x080053e0       0x16 TouchGFX/build/STM32F429IDISCO/Middlewares/Third_Party/FreeRTOS/Source/list.o
                0x080053e0                vListInitialise
 .text.vListInitialiseItem
                0x080053f6        0x6 TouchGFX/build/STM32F429IDISCO/Middlewares/Third_Party/FreeRTOS/Source/list.o
                0x080053f6                vListInitialiseItem
 .text.vListInsertEnd
                0x080053fc       0x18 TouchGFX/build/STM32F429IDISCO/Middlewares/Third_Party/FreeRTOS/Source/list.o
                0x080053fc                vListInsertEnd
 .text.vListInsert
                0x08005414       0x2e TouchGFX/build/STM32F429IDISCO/Middlewares/Third_Party/FreeRTOS/Source/list.o
                0x08005414                vListInsert
 .text.uxListRemove
                0x08005442       0x26 TouchGFX/build/STM32F429IDISCO/Middlewares/Third_Party/FreeRTOS/Source/list.o
                0x08005442                uxListRemove
 .text.prvIsQueueEmpty
                0x08005468       0x16 TouchGFX/build/STM32F429IDISCO/Middlewares/Third_Party/FreeRTOS/Source/queue.o
 .text.prvCopyDataToQueue
                0x0800547e       0x66 TouchGFX/build/STM32F429IDISCO/Middlewares/Third_Party/FreeRTOS/Source/queue.o
 .text.prvCopyDataFromQueue
                0x080054e4       0x2a TouchGFX/build/STM32F429IDISCO/Middlewares/Third_Party/FreeRTOS/Source/queue.o
 .text.prvUnlockQueue
                0x0800550e       0x70 TouchGFX/build/STM32F429IDISCO/Middlewares/Third_Party/FreeRTOS/Source/queue.o
 *fill*         0x0800557e        0x2 
 .text.xQueueGenericReset
                0x08005580       0x80 TouchGFX/build/STM32F429IDISCO/Middlewares/Third_Party/FreeRTOS/Source/queue.o
                0x08005580                xQueueGenericReset
 .text.xQueueGenericCreateStatic
                0x08005600       0x9c TouchGFX/build/STM32F429IDISCO/Middlewares/Third_Party/FreeRTOS/Source/queue.o
                0x08005600                xQueueGenericCreateStatic
 .text.xQueueGenericCreate
                0x0800569c       0x4c TouchGFX/build/STM32F429IDISCO/Middlewares/Third_Party/FreeRTOS/Source/queue.o
                0x0800569c                xQueueGenericCreate
 .text.xQueueCreateCountingSemaphoreStatic
                0x080056e8       0x44 TouchGFX/build/STM32F429IDISCO/Middlewares/Third_Party/FreeRTOS/Source/queue.o
                0x080056e8                xQueueCreateCountingSemaphoreStatic
 .text.xQueueCreateCountingSemaphore
                0x0800572c       0x3c TouchGFX/build/STM32F429IDISCO/Middlewares/Third_Party/FreeRTOS/Source/queue.o
                0x0800572c                xQueueCreateCountingSemaphore
 .text.xQueueGenericSend
                0x08005768      0x164 TouchGFX/build/STM32F429IDISCO/Middlewares/Third_Party/FreeRTOS/Source/queue.o
                0x08005768                xQueueGenericSend
 .text.xQueueGenericSendFromISR
                0x080058cc       0xc4 TouchGFX/build/STM32F429IDISCO/Middlewares/Third_Party/FreeRTOS/Source/queue.o
                0x080058cc                xQueueGenericSendFromISR
 .text.xQueueGiveFromISR
                0x08005990       0xa8 TouchGFX/build/STM32F429IDISCO/Middlewares/Third_Party/FreeRTOS/Source/queue.o
                0x08005990                xQueueGiveFromISR
 .text.xQueueReceive
                0x08005a38      0x140 TouchGFX/build/STM32F429IDISCO/Middlewares/Third_Party/FreeRTOS/Source/queue.o
                0x08005a38                xQueueReceive
 .text.xQueueSemaphoreTake
                0x08005b78      0x184 TouchGFX/build/STM32F429IDISCO/Middlewares/Third_Party/FreeRTOS/Source/queue.o
                0x08005b78                xQueueSemaphoreTake
 .text.xQueueReceiveFromISR
                0x08005cfc       0x9e TouchGFX/build/STM32F429IDISCO/Middlewares/Third_Party/FreeRTOS/Source/queue.o
                0x08005cfc                xQueueReceiveFromISR
 *fill*         0x08005d9a        0x2 
 .text.vQueueAddToRegistry
                0x08005d9c       0x24 TouchGFX/build/STM32F429IDISCO/Middlewares/Third_Party/FreeRTOS/Source/queue.o
                0x08005d9c                vQueueAddToRegistry
 .text.vQueueUnregisterQueue
                0x08005dc0       0x28 TouchGFX/build/STM32F429IDISCO/Middlewares/Third_Party/FreeRTOS/Source/queue.o
                0x08005dc0                vQueueUnregisterQueue
 .text.vQueueDelete
                0x08005de8       0x2e TouchGFX/build/STM32F429IDISCO/Middlewares/Third_Party/FreeRTOS/Source/queue.o